MPLINK 4.40, Linker
Linker Map File - Created Tue Jul  5 21:53:51 2022

                                 Section Info
                  Section       Type    Address   Location Size(Bytes)
                ---------  ---------  ---------  ---------  ---------
               _entry_scn       code   0x000000    program   0x000006
       .code__user_putc.o       code   0x000006    program   0x000002
           IT_vector_high       code   0x000008    program   0x000006
            IT_vector_low       code   0x000018    program   0x000006
                 DESC_ROM    romdata   0x000050    program   0x00001d
               KERNEL_ROM       code   0x000100    program   0x001b7c
         .code_vfprintf.o       code   0x002000    program   0x000c22
             .code_main.o       code   0x002c22    program   0x0000ec
               _cinit_scn       code   0x002d0e    program   0x00009e
             .code_putc.o       code   0x002dac    program   0x000084
          .code_fxm3232.o       code   0x002e30    program   0x000070
                   STRING       code   0x002ea0    program   0x000066
                     PROG       code   0x002f06    program   0x00005a
         .code_fxd3232u.o       code   0x002f60    program   0x000048
                    CTYPE       code   0x002fa8    program   0x000024
             _startup_scn       code   0x002fcc    program   0x000020
      .romdata_vfprintf.o    romdata   0x002fec    program   0x000011
       .idata_sprintf.o_i    romdata   0x002ffd    program   0x000000
     .romdata_tsk_task0.o    romdata   0x002ffd    program   0x000000
     .idata_tsk_task1.o_i    romdata   0x002ffd    program   0x000000
     .romdata_tsk_task1.o    romdata   0x002ffd    program   0x000000
        .romdata___init.o    romdata   0x002ffd    program   0x000000
         .romdata_alarm.o    romdata   0x002ffd    program   0x000000
       .romdata_int_man.o    romdata   0x002ffd    program   0x000000
       .idata_pro_man.o_i    romdata   0x002ffd    program   0x000000
       .romdata_pro_man.o    romdata   0x002ffd    program   0x000000
       .idata_int_man.o_i    romdata   0x002ffd    program   0x000000
      .idata_even_man.o_i    romdata   0x002ffd    program   0x000000
      .romdata_even_man.o    romdata   0x002ffd    program   0x000000
        .idata_c018iz.o_i    romdata   0x002ffd    program   0x000000
        .romdata_c018iz.o    romdata   0x002ffd    program   0x000000
        .romdata_common.o    romdata   0x002ffd    program   0x000000
    .romdata__user_putc.o    romdata   0x002ffd    program   0x000000
    .idata__user_putc.o_i    romdata   0x002ffd    program   0x000000
           .romdata_int.o    romdata   0x002ffd    program   0x000000
          .romdata_putc.o    romdata   0x002ffd    program   0x000000
       .romdata_fxm3232.o    romdata   0x002ffd    program   0x000000
          .romdata_main.o    romdata   0x002ffd    program   0x000000
       .idata_fxm3232.o_i    romdata   0x002ffd    program   0x000000
      .romdata_fxd3232u.o    romdata   0x002ffd    program   0x000000
      .romdata_taskdesc.o    romdata   0x002ffd    program   0x000000
      .idata_vfprintf.o_i    romdata   0x002ffd    program   0x000000
       .romdata_sprintf.o    romdata   0x002ffd    program   0x000000
          .code_int_man.o       code   0x002ffe    program   0x000000
           .code___init.o       code   0x002ffe    program   0x000002
         .code_even_man.o       code   0x002ffe    program   0x000000
            .code_alarm.o       code   0x002ffe    program   0x000000
         .code_taskdesc.o       code   0x002ffe    program   0x000000
       _INTERRUPT_VECTORL       code   0x003000    program   0x0000d8
           .code_common.o       code   0x0030d8    program   0x000174
          .code_sprintf.o       code   0x00324c    program   0x0000ac
       _INTERRUPT_VECTORH       code   0x003300    program   0x000012
                   .cinit    romdata   0x003312    program   0x00001a
        .code_tsk_task1.o       code   0x00332c    program   0x0000be
             .stringtable    romdata   0x0033ea    program   0x00000b
     .idata_tsk_task0.o_i    romdata   0x0033f5    program   0x00000a
          .idata_putc.o_i    romdata   0x0033ff    program   0x000000
          .idata_main.o_i    romdata   0x0033ff    program   0x000000
           .idata_int.o_i    romdata   0x0033ff    program   0x000000
      .idata_fxd3232u.o_i    romdata   0x0033ff    program   0x000000
        .idata_common.o_i    romdata   0x0033ff    program   0x000000
        .idata___init.o_i    romdata   0x0033ff    program   0x000000
         .idata_alarm.o_i    romdata   0x0033ff    program   0x000000
           .code_c018iz.o       code   0x003400    program   0x000000
              .code_int.o       code   0x003400    program   0x000000
  _RESET_INTERRUPT_VECTOR       code   0x003400    program   0x000006
          .code_pro_man.o       code   0x003400    program   0x000000
        .code_tsk_task0.o       code   0x003406    program   0x000494
                    .code       code   0x00389a    program   0x000020
                    STDIO       code   0x0038ba    program   0x00001c
      .idata_taskdesc.o_i    romdata   0x0038d6    program   0x000038
    .config_300001_main.o    romdata   0x300001    program   0x000001
    .config_300002_main.o    romdata   0x300002    program   0x000001
    .config_300003_main.o    romdata   0x300003    program   0x000001
    .config_300005_main.o    romdata   0x300005    program   0x000001
    .config_300006_main.o    romdata   0x300006    program   0x000001
                MATH_DATA      udata   0x000000       data   0x000014
                 .tmpdata      udata   0x000014       data   0x000008
               KERNEL_RAM      udata   0x000060       data   0x000008
               EVENT_MASK      udata   0x000080       data   0x000010
                WAIT_MASK      udata   0x000090       data   0x000010
                STACK_RAM      udata   0x0000a0       data   0x000010
                STATE_RAM      udata   0x0000b0       data   0x000010
                  STACK_B      udata   0x000100       data   0x000100
                  STACK_A      udata   0x000200       data   0x000100
          .udata_common.o      udata   0x000300       data   0x00003c
        .idata_taskdesc.o      idata   0x00033c       data   0x000038
          .udata_c018iz.o      udata   0x000374       data   0x00000a
       .idata_tsk_task0.o      idata   0x00037e       data   0x00000a
         .udata_pro_man.o      udata   0x000388       data   0x000005
           .udata_alarm.o      udata   0x00038d       data   0x000002
            .udata_main.o      udata   0x00038f       data   0x000001
         .udata_int_man.o      udata   0x000390       data   0x000001
          .udata___init.o      udata   0x000391       data   0x000000
          .idata___init.o      idata   0x000391       data   0x000000
         .udata_sprintf.o      udata   0x000391       data   0x000000
         .idata_sprintf.o      idata   0x000391       data   0x000000
        .udata_vfprintf.o      udata   0x000391       data   0x000000
        .idata_vfprintf.o      idata   0x000391       data   0x000000
        .udata_fxd3232u.o      udata   0x000391       data   0x000000
        .idata_fxd3232u.o      idata   0x000391       data   0x000000
         .udata_fxm3232.o      udata   0x000391       data   0x000000
         .idata_fxm3232.o      idata   0x000391       data   0x000000
            .udata_putc.o      udata   0x000391       data   0x000000
            .idata_putc.o      idata   0x000391       data   0x000000
      .udata__user_putc.o      udata   0x000391       data   0x000000
      .idata__user_putc.o      idata   0x000391       data   0x000000
         .idata_int_man.o      idata   0x000391       data   0x000000
          .idata_c018iz.o      idata   0x000391       data   0x000000
        .idata_even_man.o      idata   0x000391       data   0x000000
        .udata_even_man.o      udata   0x000391       data   0x000000
          .idata_common.o      idata   0x000391       data   0x000000
             .udata_int.o      udata   0x000391       data   0x000000
         .idata_pro_man.o      idata   0x000391       data   0x000000
           .idata_alarm.o      idata   0x000391       data   0x000000
       .idata_tsk_task1.o      idata   0x000391       data   0x000000
       .udata_tsk_task1.o      udata   0x000391       data   0x000000
       .udata_tsk_task0.o      udata   0x000391       data   0x000000
        .udata_taskdesc.o      udata   0x000391       data   0x000000
            .idata_main.o      idata   0x000391       data   0x000000
             .idata_int.o      idata   0x000391       data   0x000000
                   .stack      udata   0x000700       data   0x000074
            SFR_UNBANKED0      udata   0x000f62       data   0x00009e



                              Program Memory Usage 
                               Start         End      
                           ---------   ---------      
                            0x000000    0x00000d      
                            0x000018    0x00001d      
                            0x000050    0x00006c      
                            0x000100    0x001c7b      
                            0x002000    0x002ffc      
                            0x002ffe    0x0032f7      
                            0x003300    0x0033fe      
                            0x003400    0x00390d      
                            0x300001    0x300003      
                            0x300005    0x300006      
            13494 out of 132114 program addresses used, program memory utilization is 10%



                              Symbols - Sorted by Name
                     Name    Address   Location    Storage File                     
                ---------  ---------  ---------  --------- ---------                
             ActivateTask   0x000e48    program     extern c:\PICos18_v2_10\Kernel\pro_man.c
               AddOneTick   0x000936    program     extern c:\PICos18_v2_10\Kernel\alarm.c
              CancelAlarm   0x000510    program     extern c:\PICos18_v2_10\Kernel\alarm.c
                ChainTask   0x001022    program     extern c:\PICos18_v2_10\Kernel\pro_man.c
               ClearEvent   0x0015ec    program     extern c:\PICos18_v2_10\Kernel\even_man.c
     DisableAllInterrupts   0x001884    program     extern c:\PICos18_v2_10\Kernel\int_man.c
      EnableAllInterrupts   0x00187e    program     extern c:\PICos18_v2_10\Kernel\int_man.c
                 EnterISR   0x00189e    program     extern c:\PICos18_v2_10\Kernel\int_man.c
                ErrorHook   0x002cfc    program     extern /home/bs2020/e2381705/Downloads/the4.X/main.c
                 FXD3232U   0x002f60    program     extern C:\MCC18\v3_39\src\traditional\math\fxd3232u.c
                 FXM1616S   0x002f06    program     extern C:\MCC18\v3_39\src\traditional\math\fxm1616s.asm
                  FXM3232   0x002e30    program     extern C:\MCC18\v3_39\src\traditional\math\fxm3232.c
 GetActiveApplicationMode   0x00118e    program     extern c:\PICos18_v2_10\Kernel\pro_man.c
                 GetAlarm   0x00045a    program     extern c:\PICos18_v2_10\Kernel\alarm.c
             GetAlarmBase   0x000570    program     extern c:\PICos18_v2_10\Kernel\alarm.c
          GetCounterValue   0x0008a4    program     extern c:\PICos18_v2_10\Kernel\alarm.c
                 GetEvent   0x0016b2    program     extern c:\PICos18_v2_10\Kernel\even_man.c
              GetPriority   0x000cba    program     extern c:\PICos18_v2_10\Kernel\pro_man.c
              GetResource   0x0012d0    program     extern c:\PICos18_v2_10\Kernel\pro_man.c
                GetTaskID   0x000d64    program     extern c:\PICos18_v2_10\Kernel\pro_man.c
             GetTaskState   0x000db6    program     extern c:\PICos18_v2_10\Kernel\pro_man.c
               IncCounter   0x0005d4    program     extern c:\PICos18_v2_10\Kernel\alarm.c
                     Init   0x002c36    program     extern /home/bs2020/e2381705/Downloads/the4.X/main.c
         InterruptVectorH   0x003300    program     extern /home/bs2020/e2381705/Downloads/the4.X/int.c
         InterruptVectorL   0x003000    program     extern /home/bs2020/e2381705/Downloads/the4.X/int.c
       Interrupt_high_vec   0x000008    program     extern /home/bs2020/e2381705/Downloads/the4.X/int.c
        Interrupt_low_vec   0x000018    program     extern /home/bs2020/e2381705/Downloads/the4.X/int.c
                 LeaveISR   0x0018a8    program     extern c:\PICos18_v2_10\Kernel\int_man.c
                 Organize   0x001250    program     extern c:\PICos18_v2_10\Kernel\pro_man.c
             PostTaskHook   0x002d00    program     extern /home/bs2020/e2381705/Downloads/the4.X/main.c
              PreTaskHook   0x002cfe    program     extern /home/bs2020/e2381705/Downloads/the4.X/main.c
          ReleaseResource   0x0013e8    program     extern c:\PICos18_v2_10\Kernel\pro_man.c
      ResumeAllInterrupts   0x00188a    program     extern c:\PICos18_v2_10\Kernel\int_man.c
       ResumeOSInterrupts   0x001896    program     extern c:\PICos18_v2_10\Kernel\int_man.c
                 Schedule   0x0010f0    program     extern c:\PICos18_v2_10\Kernel\pro_man.c
              SetAbsAlarm   0x0002ce    program     extern c:\PICos18_v2_10\Kernel\alarm.c
                 SetEvent   0x0014be    program     extern c:\PICos18_v2_10\Kernel\even_man.c
              SetPriority   0x000bfe    program     extern c:\PICos18_v2_10\Kernel\pro_man.c
              SetRelAlarm   0x000100    program     extern c:\PICos18_v2_10\Kernel\alarm.c
             ShutdownHook   0x002cfa    program     extern /home/bs2020/e2381705/Downloads/the4.X/main.c
               ShutdownOS   0x001234    program     extern c:\PICos18_v2_10\Kernel\pro_man.c
                  StartOS   0x001196    program     extern c:\PICos18_v2_10\Kernel\pro_man.c
              StartupHook   0x002cf8    program     extern /home/bs2020/e2381705/Downloads/the4.X/main.c
     SuspendAllInterrupts   0x001890    program     extern c:\PICos18_v2_10\Kernel\int_man.c
      SuspendOSInterrupts   0x00189a    program     extern c:\PICos18_v2_10\Kernel\int_man.c
                    TASK0   0x00363a    program     extern /home/bs2020/e2381705/Downloads/the4.X/tsk_task0.c
                    TASK1   0x00332c    program     extern /home/bs2020/e2381705/Downloads/the4.X/tsk_task1.c
               TSIGN1616A   0x002f52    program     static C:\MCC18\v3_39\src\traditional\math\fxm1616s.asm
            TerminateTask   0x000f38    program     extern c:\PICos18_v2_10\Kernel\pro_man.c
                WaitEvent   0x00177a    program     extern c:\PICos18_v2_10\Kernel\even_man.c
                _17_found   0x001a8c    program     static c:\PICos18_v2_10\Kernel\kernel.asm
          _17_matchTaskID   0x001a78    program     static c:\PICos18_v2_10\Kernel\kernel.asm
        _17_nextTaskEntry   0x001a82    program     static c:\PICos18_v2_10\Kernel\kernel.asm
                _25_found   0x001b9c    program     static c:\PICos18_v2_10\Kernel\kernel.asm
          _25_matchTaskID   0x001b88    program     static c:\PICos18_v2_10\Kernel\kernel.asm
        _25_nextTaskEntry   0x001b92    program     static c:\PICos18_v2_10\Kernel\kernel.asm
                   _2jEnd   0x002ef0    program     static C:\MCC18\v3_39\src\traditional\stdclib\slenpgm.asm
       _30_nextTableEntry   0x001bf0    program     static c:\PICos18_v2_10\Kernel\kernel.asm
       _32_nextTableEntry   0x001c14    program     static c:\PICos18_v2_10\Kernel\kernel.asm
                _34_found   0x001c5e    program     static c:\PICos18_v2_10\Kernel\kernel.asm
          _34_matchTaskID   0x001c4a    program     static c:\PICos18_v2_10\Kernel\kernel.asm
        _34_nextTaskEntry   0x001c54    program     static c:\PICos18_v2_10\Kernel\kernel.asm
 _RoundRobin4SamePriority   0x001a0c    program     static c:\PICos18_v2_10\Kernel\kernel.asm
         ___else_lbl00031   0x000fde    program     static                          
          ___for_lbl00028   0x001002    program     static                          
          ___for_lbl00029   0x001006    program     static                          
          ___for_lbl00033   0x000f58    program     static                          
          ___for_lbl00035   0x0010ca    program     static                          
          ___for_lbl00036   0x0010ce    program     static                          
          ___for_lbl00039   0x001042    program     static                          
           ___if_lbl00030   0x000ff8    program     static                          
           ___if_lbl00032   0x000ff8    program     static                          
           ___if_lbl00037   0x00107e    program     static                          
           ___if_lbl00038   0x0010c0    program     static                          
           ___if_lbl00041   0x001100    program     static                          
           ___if_lbl00046   0x001184    program     static                          
       ___return_lbl00000   0x002e9e    program     static                          
       ___return_lbl00000   0x000004    program     static                          
       ___return_lbl00000   0x00001c    program     static                          
       ___return_lbl00000   0x002fa6    program     static                          
       ___return_lbl00001   0x00000c    program     static                          
       ___return_lbl00001   0x002fea    program     static                          
       ___return_lbl00002   0x002daa    program     static                          
       ___return_lbl00010   0x003404    program     static                          
       ___return_lbl00027   0x00100a    program     static                          
       ___return_lbl00034   0x0010d8    program     static                          
       ___return_lbl00040   0x00118c    program     static                          
       ___return_lbl00048   0x00122c    program     static                          
       ___return_lbl00054   0x0012ce    program     static                          
        ___while_lbl00042   0x001146    program     static                          
        ___while_lbl00043   0x001154    program     static                          
        ___while_lbl00044   0x001158    program     static                          
        ___while_lbl00045   0x00116e    program     static                          
        ___while_lbl00049   0x0011da    program     static                          
        ___while_lbl00050   0x0011e8    program     static                          
        ___while_lbl00051   0x0011ec    program     static                          
        ___while_lbl00052   0x001202    program     static                          
        ___while_lbl00055   0x00128c    program     static                          
        ___while_lbl00056   0x00129a    program     static                          
        ___while_lbl00057   0x00129e    program     static                          
        ___while_lbl00058   0x0012b4    program     static                          
               __config_0   0x300001    program     static /home/bs2020/e2381705/Downloads/the4.X/main.c
               __config_1   0x300002    program     static /home/bs2020/e2381705/Downloads/the4.X/main.c
               __config_2   0x300003    program     static /home/bs2020/e2381705/Downloads/the4.X/main.c
               __config_3   0x300005    program     static /home/bs2020/e2381705/Downloads/the4.X/main.c
               __config_4   0x300006    program     static /home/bs2020/e2381705/Downloads/the4.X/main.c
                   __init   0x002ffe    program     extern C:\MCC18\v3_39\src\traditional\stdclib\__init.c
                   __pa_0   0x003224    program     static /home/bs2020/e2381705/Downloads/the4.X/common.c
                   __pa_0   0x003780    program     static /home/bs2020/e2381705/Downloads/the4.X/tsk_task0.c
                   __pa_0   0x002d02    program     static /home/bs2020/e2381705/Downloads/the4.X/main.c
                   __pa_0   0x002940    program     static C:\MCC18\v3_39\src\traditional\stdclib\vfprintf.c
                   __pa_1   0x003234    program     static /home/bs2020/e2381705/Downloads/the4.X/common.c
                   __pa_1   0x0037ae    program     static /home/bs2020/e2381705/Downloads/the4.X/tsk_task0.c
                   __pa_1   0x002948    program     static C:\MCC18\v3_39\src\traditional\stdclib\vfprintf.c
                  __pa_10   0x0029fc    program     static C:\MCC18\v3_39\src\traditional\stdclib\vfprintf.c
                  __pa_10   0x003872    program     static /home/bs2020/e2381705/Downloads/the4.X/tsk_task0.c
                  __pa_11   0x002a0a    program     static C:\MCC18\v3_39\src\traditional\stdclib\vfprintf.c
                  __pa_11   0x003886    program     static /home/bs2020/e2381705/Downloads/the4.X/tsk_task0.c
                  __pa_12   0x002a20    program     static C:\MCC18\v3_39\src\traditional\stdclib\vfprintf.c
                  __pa_12   0x003890    program     static /home/bs2020/e2381705/Downloads/the4.X/tsk_task0.c
                  __pa_13   0x002a3a    program     static C:\MCC18\v3_39\src\traditional\stdclib\vfprintf.c
                  __pa_14   0x002a52    program     static C:\MCC18\v3_39\src\traditional\stdclib\vfprintf.c
                  __pa_15   0x002a62    program     static C:\MCC18\v3_39\src\traditional\stdclib\vfprintf.c
                  __pa_16   0x002a78    program     static C:\MCC18\v3_39\src\traditional\stdclib\vfprintf.c
                  __pa_17   0x002a8a    program     static C:\MCC18\v3_39\src\traditional\stdclib\vfprintf.c
                  __pa_18   0x002a9c    program     static C:\MCC18\v3_39\src\traditional\stdclib\vfprintf.c
                  __pa_19   0x002aa6    program     static C:\MCC18\v3_39\src\traditional\stdclib\vfprintf.c
                   __pa_2   0x0037cc    program     static /home/bs2020/e2381705/Downloads/the4.X/tsk_task0.c
                   __pa_2   0x002952    program     static C:\MCC18\v3_39\src\traditional\stdclib\vfprintf.c
                   __pa_2   0x003240    program     static /home/bs2020/e2381705/Downloads/the4.X/common.c
                  __pa_20   0x002ab6    program     static C:\MCC18\v3_39\src\traditional\stdclib\vfprintf.c
                  __pa_21   0x002ac6    program     static C:\MCC18\v3_39\src\traditional\stdclib\vfprintf.c
                  __pa_22   0x002ad6    program     static C:\MCC18\v3_39\src\traditional\stdclib\vfprintf.c
                  __pa_23   0x002ae2    program     static C:\MCC18\v3_39\src\traditional\stdclib\vfprintf.c
                  __pa_24   0x002af0    program     static C:\MCC18\v3_39\src\traditional\stdclib\vfprintf.c
                  __pa_25   0x002af8    program     static C:\MCC18\v3_39\src\traditional\stdclib\vfprintf.c
                  __pa_26   0x002b02    program     static C:\MCC18\v3_39\src\traditional\stdclib\vfprintf.c
                  __pa_27   0x002b0c    program     static C:\MCC18\v3_39\src\traditional\stdclib\vfprintf.c
                  __pa_28   0x002b14    program     static C:\MCC18\v3_39\src\traditional\stdclib\vfprintf.c
                  __pa_29   0x002b22    program     static C:\MCC18\v3_39\src\traditional\stdclib\vfprintf.c
                   __pa_3   0x00295c    program     static C:\MCC18\v3_39\src\traditional\stdclib\vfprintf.c
                   __pa_3   0x0037ea    program     static /home/bs2020/e2381705/Downloads/the4.X/tsk_task0.c
                  __pa_30   0x002b3e    program     static C:\MCC18\v3_39\src\traditional\stdclib\vfprintf.c
                  __pa_31   0x002b58    program     static C:\MCC18\v3_39\src\traditional\stdclib\vfprintf.c
                  __pa_32   0x002b72    program     static C:\MCC18\v3_39\src\traditional\stdclib\vfprintf.c
                  __pa_33   0x002b8a    program     static C:\MCC18\v3_39\src\traditional\stdclib\vfprintf.c
                  __pa_34   0x002b94    program     static C:\MCC18\v3_39\src\traditional\stdclib\vfprintf.c
                  __pa_35   0x002ba2    program     static C:\MCC18\v3_39\src\traditional\stdclib\vfprintf.c
                  __pa_36   0x002baa    program     static C:\MCC18\v3_39\src\traditional\stdclib\vfprintf.c
                  __pa_37   0x002bb4    program     static C:\MCC18\v3_39\src\traditional\stdclib\vfprintf.c
                  __pa_38   0x002bc4    program     static C:\MCC18\v3_39\src\traditional\stdclib\vfprintf.c
                  __pa_39   0x002bd2    program     static C:\MCC18\v3_39\src\traditional\stdclib\vfprintf.c
                   __pa_4   0x003806    program     static /home/bs2020/e2381705/Downloads/the4.X/tsk_task0.c
                   __pa_4   0x002974    program     static C:\MCC18\v3_39\src\traditional\stdclib\vfprintf.c
                  __pa_40   0x002bde    program     static C:\MCC18\v3_39\src\traditional\stdclib\vfprintf.c
                  __pa_41   0x002bea    program     static C:\MCC18\v3_39\src\traditional\stdclib\vfprintf.c
                  __pa_42   0x002bf2    program     static C:\MCC18\v3_39\src\traditional\stdclib\vfprintf.c
                  __pa_43   0x002bfc    program     static C:\MCC18\v3_39\src\traditional\stdclib\vfprintf.c
                  __pa_44   0x002c02    program     static C:\MCC18\v3_39\src\traditional\stdclib\vfprintf.c
                  __pa_45   0x002c0c    program     static C:\MCC18\v3_39\src\traditional\stdclib\vfprintf.c
                  __pa_46   0x002c18    program     static C:\MCC18\v3_39\src\traditional\stdclib\vfprintf.c
                   __pa_5   0x002988    program     static C:\MCC18\v3_39\src\traditional\stdclib\vfprintf.c
                   __pa_5   0x00381c    program     static /home/bs2020/e2381705/Downloads/the4.X/tsk_task0.c
                   __pa_6   0x003832    program     static /home/bs2020/e2381705/Downloads/the4.X/tsk_task0.c
                   __pa_6   0x0029a4    program     static C:\MCC18\v3_39\src\traditional\stdclib\vfprintf.c
                   __pa_7   0x003840    program     static /home/bs2020/e2381705/Downloads/the4.X/tsk_task0.c
                   __pa_7   0x0029ae    program     static C:\MCC18\v3_39\src\traditional\stdclib\vfprintf.c
                   __pa_8   0x003854    program     static /home/bs2020/e2381705/Downloads/the4.X/tsk_task0.c
                   __pa_8   0x0029ba    program     static C:\MCC18\v3_39\src\traditional\stdclib\vfprintf.c
                   __pa_9   0x0029dc    program     static C:\MCC18\v3_39\src\traditional\stdclib\vfprintf.c
                   __pa_9   0x003864    program     static /home/bs2020/e2381705/Downloads/the4.X/tsk_task0.c
               __string_0   0x0033ea    program     static /home/bs2020/e2381705/Downloads/the4.X/tsk_task0.c
              __tmplbl_42   0x002ad6    program     static                          
              __tmplbl_43   0x00291e    program     static                          
              __tmplbl_44   0x002904    program     static                          
              __tmplbl_85   0x002056    program     static                          
            __zero_memory   0x00389a    program     extern C:\MCC18\v3_39\src\traditional\proc\p18F8722.asm
              _checkPanic   0x001b50    program     static c:\PICos18_v2_10\Kernel\kernel.asm
                _do_cinit   0x002d0e    program     extern C:\MCC18\v3_39\src\traditional\startup\c018iz.c
                   _entry   0x000000    program     extern C:\MCC18\v3_39\src\traditional\startup\c018iz.c
                   _false   0x002fa2    program     static                          
                  _isHook   0x0019dc    program     static c:\PICos18_v2_10\Kernel\kernel.asm
              _kInitBank0   0x0018ca    program     static c:\PICos18_v2_10\Kernel\kernel.asm
      _kInitHardwareStack   0x0018d8    program     static c:\PICos18_v2_10\Kernel\kernel.asm
                  _kernel   0x0018bc    program     extern c:\PICos18_v2_10\Kernel\kernel.asm
_kernelPanicStackOverflow   0x001c0e    program     static c:\PICos18_v2_10\Kernel\kernel.asm
_kernelPanicTrashedByNeighbor   0x001bea    program     static c:\PICos18_v2_10\Kernel\kernel.asm
                  _parser   0x001902    program     static c:\PICos18_v2_10\Kernel\kernel.asm
              _parserInit   0x00191e    program     static c:\PICos18_v2_10\Kernel\kernel.asm
            _parserUpdate   0x001978    program     static c:\PICos18_v2_10\Kernel\kernel.asm
        _parserUpdateDiff   0x00199e    program     static c:\PICos18_v2_10\Kernel\kernel.asm
        _parserUpdateLoop   0x001986    program     static c:\PICos18_v2_10\Kernel\kernel.asm
        _parserUpdateSwap   0x0019a4    program     static c:\PICos18_v2_10\Kernel\kernel.asm
         _parser_organize   0x001972    program     extern c:\PICos18_v2_10\Kernel\kernel.asm
                   _reset   0x003400    program     extern /home/bs2020/e2381705/Downloads/the4.X/int.c
             _restore_ctx   0x001a60    program     extern c:\PICos18_v2_10\Kernel\kernel.asm
             _restore_now   0x001ab0    program     extern c:\PICos18_v2_10\Kernel\kernel.asm
       _restore_start_adr   0x001c36    program     extern c:\PICos18_v2_10\Kernel\kernel.asm
                   _sched   0x0019dc    program     extern c:\PICos18_v2_10\Kernel\kernel.asm
_schedFindRunningTaskEntry   0x0019ec    program     static c:\PICos18_v2_10\Kernel\kernel.asm
       _schedPickNext2Run   0x001a46    program     static c:\PICos18_v2_10\Kernel\kernel.asm
     _schedTaskReadyOrNot   0x001a4c    program     static c:\PICos18_v2_10\Kernel\kernel.asm
 _schedTestEndOfCtrlTable   0x001b3a    program     static c:\PICos18_v2_10\Kernel\kernel.asm
                 _startup   0x002fcc    program     extern C:\MCC18\v3_39\src\traditional\startup\c018iz.c
      _testIfSamePriority   0x001a02    program     static c:\PICos18_v2_10\Kernel\kernel.asm
              _usart_putc   0x0038ba    program     extern C:\MCC18\v3_39\src\pmc_common\USART\_usartpc.asm
               _user_putc   0x000006    program     extern C:\MCC18\v3_39\src\traditional\stdclib\_user_putc.c
               _whileIdle   0x001b48    program     static c:\PICos18_v2_10\Kernel\kernel.asm
                compare_l   0x0038b0    program     static C:\MCC18\v3_39\src\traditional\proc\p18F8722.asm
           compute_hashhh   0x003406    program     extern /home/bs2020/e2381705/Downloads/the4.X/tsk_task0.c
                copy_loop   0x002d80    program     static                          
            copy_one_byte   0x002d86    program     static                          
             dataReceived   0x00317a    program     extern /home/bs2020/e2381705/Downloads/the4.X/common.c
              descromarea   0x000050    program     extern /home/bs2020/e2381705/Downloads/the4.X/taskdesc.c
                     done   0x002daa    program     static                          
             done_copying   0x002d94    program     static                          
                      end   0x000064    program     extern /home/bs2020/e2381705/Downloads/the4.X/taskdesc.c
             immediat_ret   0x001b18    program     static c:\PICos18_v2_10\Kernel\kernel.asm
                  isdigit   0x002fa8    program     extern C:\MCC18\v3_39\src\traditional\stdclib\isdigit.asm
                     jEnd   0x002eba    program     static C:\MCC18\v3_39\src\traditional\stdclib\strlen.asm
                     jEnd   0x002ef2    program     static C:\MCC18\v3_39\src\traditional\stdclib\slenpgm.asm
                    jLoop   0x002eb0    program     static C:\MCC18\v3_39\src\traditional\stdclib\strlen.asm
                    jLoop   0x002eda    program     static C:\MCC18\v3_39\src\traditional\stdclib\slenpgm.asm
                   jMatch   0x002fc8    program     static C:\MCC18\v3_39\src\traditional\stdclib\isdigit.asm
                 jNoMatch   0x002fca    program     static C:\MCC18\v3_39\src\traditional\stdclib\isdigit.asm
                     loop   0x002f6e    program     static                          
                     loop   0x002fe0    program     static                          
                     loop   0x0038ca    program     static C:\MCC18\v3_39\src\pmc_common\USART\_usartpc.asm
                   loop_h   0x0038a8    program     static C:\MCC18\v3_39\src\traditional\proc\p18F8722.asm
                   loop_l   0x0038b2    program     static C:\MCC18\v3_39\src\traditional\proc\p18F8722.asm
                     main   0x002c22    program     extern /home/bs2020/e2381705/Downloads/the4.X/main.c
                     putc   0x002dac    program     extern C:\MCC18\v3_39\src\traditional\stdclib\putc.c
 restoreNextHardwareStack   0x001abc    program     static c:\PICos18_v2_10\Kernel\kernel.asm
   restoreNextTmpdataByte   0x001ad6    program     static c:\PICos18_v2_10\Kernel\kernel.asm
           rom_desc_task0   0x000052    program     extern /home/bs2020/e2381705/Downloads/the4.X/taskdesc.c
           rom_desc_task1   0x00005b    program     extern /home/bs2020/e2381705/Downloads/the4.X/taskdesc.c
                 s_digits   0x002fec    program     static C:\MCC18\v3_39\src\traditional\stdclib\vfprintf.c
            s_put_n_chars   0x002000    program     static C:\MCC18\v3_39\src\traditional\stdclib\vfprintf.c
                  sprintf   0x00324c    program     extern C:\MCC18\v3_39\src\traditional\stdclib\sprintf.c
                   strlen   0x002ea0    program     extern C:\MCC18\v3_39\src\traditional\stdclib\strlen.asm
                strlenpgm   0x002ebc    program     extern C:\MCC18\v3_39\src\traditional\stdclib\slenpgm.asm
                     test   0x002d28    program     static                          
             transmitData   0x0030d8    program     extern /home/bs2020/e2381705/Downloads/the4.X/common.c
                 vfprintf   0x00202c    program     extern C:\MCC18\v3_39\src\traditional\stdclib\vfprintf.c
               zero_block   0x0038a8    program     static C:\MCC18\v3_39\src\traditional\proc\p18F8722.asm
                   ADCON0   0x000fc2       data     extern C:\MCC18\v3_39\src\traditional\proc\p18F8722.asm
               ADCON0bits   0x000fc2       data     extern C:\MCC18\v3_39\src\traditional\proc\p18F8722.asm
                   ADCON1   0x000fc1       data     extern C:\MCC18\v3_39\src\traditional\proc\p18F8722.asm
               ADCON1bits   0x000fc1       data     extern C:\MCC18\v3_39\src\traditional\proc\p18F8722.asm
                   ADCON2   0x000fc0       data     extern C:\MCC18\v3_39\src\traditional\proc\p18F8722.asm
               ADCON2bits   0x000fc0       data     extern C:\MCC18\v3_39\src\traditional\proc\p18F8722.asm
                    ADRES   0x000fc3       data     extern C:\MCC18\v3_39\src\traditional\proc\p18F8722.asm
                   ADRESH   0x000fc4       data     extern C:\MCC18\v3_39\src\traditional\proc\p18F8722.asm
                   ADRESL   0x000fc3       data     extern C:\MCC18\v3_39\src\traditional\proc\p18F8722.asm
              ALARMNUMBER   0x000368       data     extern /home/bs2020/e2381705/Downloads/the4.X/taskdesc.c
               Alarm_list   0x000350       data     extern /home/bs2020/e2381705/Downloads/the4.X/taskdesc.c
                  BAUDCON   0x000f7e       data     extern C:\MCC18\v3_39\src\traditional\proc\p18F8722.asm
                 BAUDCON1   0x000f7e       data     extern C:\MCC18\v3_39\src\traditional\proc\p18F8722.asm
             BAUDCON1bits   0x000f7e       data     extern C:\MCC18\v3_39\src\traditional\proc\p18F8722.asm
                 BAUDCON2   0x000f7c       data     extern C:\MCC18\v3_39\src\traditional\proc\p18F8722.asm
             BAUDCON2bits   0x000f7c       data     extern C:\MCC18\v3_39\src\traditional\proc\p18F8722.asm
              BAUDCONbits   0x000f7e       data     extern C:\MCC18\v3_39\src\traditional\proc\p18F8722.asm
                      BSR   0x000fe0       data     extern C:\MCC18\v3_39\src\traditional\proc\p18F8722.asm
                  CCP1CON   0x000fbd       data     extern C:\MCC18\v3_39\src\traditional\proc\p18F8722.asm
              CCP1CONbits   0x000fbd       data     extern C:\MCC18\v3_39\src\traditional\proc\p18F8722.asm
                  CCP2CON   0x000fba       data     extern C:\MCC18\v3_39\src\traditional\proc\p18F8722.asm
              CCP2CONbits   0x000fba       data     extern C:\MCC18\v3_39\src\traditional\proc\p18F8722.asm
                  CCP3CON   0x000fb7       data     extern C:\MCC18\v3_39\src\traditional\proc\p18F8722.asm
              CCP3CONbits   0x000fb7       data     extern C:\MCC18\v3_39\src\traditional\proc\p18F8722.asm
                  CCP4CON   0x000f73       data     extern C:\MCC18\v3_39\src\traditional\proc\p18F8722.asm
              CCP4CONbits   0x000f73       data     extern C:\MCC18\v3_39\src\traditional\proc\p18F8722.asm
                  CCP5CON   0x000f70       data     extern C:\MCC18\v3_39\src\traditional\proc\p18F8722.asm
              CCP5CONbits   0x000f70       data     extern C:\MCC18\v3_39\src\traditional\proc\p18F8722.asm
                    CCPR1   0x000fbe       data     extern C:\MCC18\v3_39\src\traditional\proc\p18F8722.asm
                   CCPR1H   0x000fbf       data     extern C:\MCC18\v3_39\src\traditional\proc\p18F8722.asm
                   CCPR1L   0x000fbe       data     extern C:\MCC18\v3_39\src\traditional\proc\p18F8722.asm
                    CCPR2   0x000fbb       data     extern C:\MCC18\v3_39\src\traditional\proc\p18F8722.asm
                   CCPR2H   0x000fbc       data     extern C:\MCC18\v3_39\src\traditional\proc\p18F8722.asm
                   CCPR2L   0x000fbb       data     extern C:\MCC18\v3_39\src\traditional\proc\p18F8722.asm
                    CCPR3   0x000fb8       data     extern C:\MCC18\v3_39\src\traditional\proc\p18F8722.asm
                   CCPR3H   0x000fb9       data     extern C:\MCC18\v3_39\src\traditional\proc\p18F8722.asm
                   CCPR3L   0x000fb8       data     extern C:\MCC18\v3_39\src\traditional\proc\p18F8722.asm
                    CCPR4   0x000f74       data     extern C:\MCC18\v3_39\src\traditional\proc\p18F8722.asm
                   CCPR4H   0x000f75       data     extern C:\MCC18\v3_39\src\traditional\proc\p18F8722.asm
                   CCPR4L   0x000f74       data     extern C:\MCC18\v3_39\src\traditional\proc\p18F8722.asm
                    CCPR5   0x000f71       data     extern C:\MCC18\v3_39\src\traditional\proc\p18F8722.asm
                   CCPR5H   0x000f72       data     extern C:\MCC18\v3_39\src\traditional\proc\p18F8722.asm
                   CCPR5L   0x000f71       data     extern C:\MCC18\v3_39\src\traditional\proc\p18F8722.asm
                    CMCON   0x000fb4       data     extern C:\MCC18\v3_39\src\traditional\proc\p18F8722.asm
                CMCONbits   0x000fb4       data     extern C:\MCC18\v3_39\src\traditional\proc\p18F8722.asm
            COUNTERNUMBER   0x000369       data     extern /home/bs2020/e2381705/Downloads/the4.X/taskdesc.c
                   CVRCON   0x000fb5       data     extern C:\MCC18\v3_39\src\traditional\proc\p18F8722.asm
               CVRCONbits   0x000fb5       data     extern C:\MCC18\v3_39\src\traditional\proc\p18F8722.asm
           Counter_kernel   0x000346       data     extern /home/bs2020/e2381705/Downloads/the4.X/taskdesc.c
             Counter_list   0x00033c       data     extern /home/bs2020/e2381705/Downloads/the4.X/taskdesc.c
                     DDRA   0x000f92       data     extern C:\MCC18\v3_39\src\traditional\proc\p18F8722.asm
                 DDRAbits   0x000f92       data     extern C:\MCC18\v3_39\src\traditional\proc\p18F8722.asm
                     DDRB   0x000f93       data     extern C:\MCC18\v3_39\src\traditional\proc\p18F8722.asm
                 DDRBbits   0x000f93       data     extern C:\MCC18\v3_39\src\traditional\proc\p18F8722.asm
                     DDRC   0x000f94       data     extern C:\MCC18\v3_39\src\traditional\proc\p18F8722.asm
                 DDRCbits   0x000f94       data     extern C:\MCC18\v3_39\src\traditional\proc\p18F8722.asm
                     DDRD   0x000f95       data     extern C:\MCC18\v3_39\src\traditional\proc\p18F8722.asm
                 DDRDbits   0x000f95       data     extern C:\MCC18\v3_39\src\traditional\proc\p18F8722.asm
                     DDRE   0x000f96       data     extern C:\MCC18\v3_39\src\traditional\proc\p18F8722.asm
                 DDREbits   0x000f96       data     extern C:\MCC18\v3_39\src\traditional\proc\p18F8722.asm
                     DDRF   0x000f97       data     extern C:\MCC18\v3_39\src\traditional\proc\p18F8722.asm
                 DDRFbits   0x000f97       data     extern C:\MCC18\v3_39\src\traditional\proc\p18F8722.asm
                     DDRG   0x000f98       data     extern C:\MCC18\v3_39\src\traditional\proc\p18F8722.asm
                 DDRGbits   0x000f98       data     extern C:\MCC18\v3_39\src\traditional\proc\p18F8722.asm
                     DDRH   0x000f99       data     extern C:\MCC18\v3_39\src\traditional\proc\p18F8722.asm
                 DDRHbits   0x000f99       data     extern C:\MCC18\v3_39\src\traditional\proc\p18F8722.asm
                     DDRJ   0x000f9a       data     extern C:\MCC18\v3_39\src\traditional\proc\p18F8722.asm
                 DDRJbits   0x000f9a       data     extern C:\MCC18\v3_39\src\traditional\proc\p18F8722.asm
                  ECCP1AS   0x000fb6       data     extern C:\MCC18\v3_39\src\traditional\proc\p18F8722.asm
              ECCP1ASbits   0x000fb6       data     extern C:\MCC18\v3_39\src\traditional\proc\p18F8722.asm
                 ECCP1CON   0x000fbd       data     extern C:\MCC18\v3_39\src\traditional\proc\p18F8722.asm
             ECCP1CONbits   0x000fbd       data     extern C:\MCC18\v3_39\src\traditional\proc\p18F8722.asm
                 ECCP1DEL   0x000f79       data     extern C:\MCC18\v3_39\src\traditional\proc\p18F8722.asm
             ECCP1DELbits   0x000f79       data     extern C:\MCC18\v3_39\src\traditional\proc\p18F8722.asm
                  ECCP2AS   0x000f68       data     extern C:\MCC18\v3_39\src\traditional\proc\p18F8722.asm
              ECCP2ASbits   0x000f68       data     extern C:\MCC18\v3_39\src\traditional\proc\p18F8722.asm
                 ECCP2CON   0x000fba       data     extern C:\MCC18\v3_39\src\traditional\proc\p18F8722.asm
             ECCP2CONbits   0x000fba       data     extern C:\MCC18\v3_39\src\traditional\proc\p18F8722.asm
                 ECCP2DEL   0x000f67       data     extern C:\MCC18\v3_39\src\traditional\proc\p18F8722.asm
             ECCP2DELbits   0x000f67       data     extern C:\MCC18\v3_39\src\traditional\proc\p18F8722.asm
                  ECCP3AS   0x000f6a       data     extern C:\MCC18\v3_39\src\traditional\proc\p18F8722.asm
              ECCP3ASbits   0x000f6a       data     extern C:\MCC18\v3_39\src\traditional\proc\p18F8722.asm
                 ECCP3CON   0x000fb7       data     extern C:\MCC18\v3_39\src\traditional\proc\p18F8722.asm
             ECCP3CONbits   0x000fb7       data     extern C:\MCC18\v3_39\src\traditional\proc\p18F8722.asm
                 ECCP3DEL   0x000f69       data     extern C:\MCC18\v3_39\src\traditional\proc\p18F8722.asm
             ECCP3DELbits   0x000f69       data     extern C:\MCC18\v3_39\src\traditional\proc\p18F8722.asm
                    EEADR   0x000fa9       data     extern C:\MCC18\v3_39\src\traditional\proc\p18F8722.asm
                   EEADRH   0x000faa       data     extern C:\MCC18\v3_39\src\traditional\proc\p18F8722.asm
                   EECON1   0x000fa6       data     extern C:\MCC18\v3_39\src\traditional\proc\p18F8722.asm
               EECON1bits   0x000fa6       data     extern C:\MCC18\v3_39\src\traditional\proc\p18F8722.asm
                   EECON2   0x000fa7       data     extern C:\MCC18\v3_39\src\traditional\proc\p18F8722.asm
                   EEDATA   0x000fa8       data     extern C:\MCC18\v3_39\src\traditional\proc\p18F8722.asm
                     FSR0   0x000fe9       data     extern C:\MCC18\v3_39\src\traditional\proc\p18F8722.asm
                    FSR0H   0x000fea       data     extern C:\MCC18\v3_39\src\traditional\proc\p18F8722.asm
                    FSR0L   0x000fe9       data     extern C:\MCC18\v3_39\src\traditional\proc\p18F8722.asm
                     FSR1   0x000fe1       data     extern C:\MCC18\v3_39\src\traditional\proc\p18F8722.asm
                    FSR1H   0x000fe2       data     extern C:\MCC18\v3_39\src\traditional\proc\p18F8722.asm
               FSR1H_MAIN   0x000388       data     extern c:\PICos18_v2_10\Kernel\pro_man.c
                    FSR1L   0x000fe1       data     extern C:\MCC18\v3_39\src\traditional\proc\p18F8722.asm
               FSR1L_MAIN   0x000389       data     extern c:\PICos18_v2_10\Kernel\pro_man.c
                     FSR2   0x000fd9       data     extern C:\MCC18\v3_39\src\traditional\proc\p18F8722.asm
                    FSR2H   0x000fda       data     extern C:\MCC18\v3_39\src\traditional\proc\p18F8722.asm
                    FSR2L   0x000fd9       data     extern C:\MCC18\v3_39\src\traditional\proc\p18F8722.asm
                  HLVDCON   0x000fd2       data     extern C:\MCC18\v3_39\src\traditional\proc\p18F8722.asm
              HLVDCONbits   0x000fd2       data     extern C:\MCC18\v3_39\src\traditional\proc\p18F8722.asm
                    INDF0   0x000fef       data     extern C:\MCC18\v3_39\src\traditional\proc\p18F8722.asm
                    INDF1   0x000fe7       data     extern C:\MCC18\v3_39\src\traditional\proc\p18F8722.asm
                    INDF2   0x000fdf       data     extern C:\MCC18\v3_39\src\traditional\proc\p18F8722.asm
                   INTCON   0x000ff2       data     extern C:\MCC18\v3_39\src\traditional\proc\p18F8722.asm
                  INTCON2   0x000ff1       data     extern C:\MCC18\v3_39\src\traditional\proc\p18F8722.asm
              INTCON2bits   0x000ff1       data     extern C:\MCC18\v3_39\src\traditional\proc\p18F8722.asm
                  INTCON3   0x000ff0       data     extern C:\MCC18\v3_39\src\traditional\proc\p18F8722.asm
              INTCON3bits   0x000ff0       data     extern C:\MCC18\v3_39\src\traditional\proc\p18F8722.asm
               INTCONbits   0x000ff2       data     extern C:\MCC18\v3_39\src\traditional\proc\p18F8722.asm
                     IPR1   0x000f9f       data     extern C:\MCC18\v3_39\src\traditional\proc\p18F8722.asm
                 IPR1bits   0x000f9f       data     extern C:\MCC18\v3_39\src\traditional\proc\p18F8722.asm
                     IPR2   0x000fa2       data     extern C:\MCC18\v3_39\src\traditional\proc\p18F8722.asm
                 IPR2bits   0x000fa2       data     extern C:\MCC18\v3_39\src\traditional\proc\p18F8722.asm
                     IPR3   0x000fa5       data     extern C:\MCC18\v3_39\src\traditional\proc\p18F8722.asm
                 IPR3bits   0x000fa5       data     extern C:\MCC18\v3_39\src\traditional\proc\p18F8722.asm
                     LATA   0x000f89       data     extern C:\MCC18\v3_39\src\traditional\proc\p18F8722.asm
                 LATAbits   0x000f89       data     extern C:\MCC18\v3_39\src\traditional\proc\p18F8722.asm
                     LATB   0x000f8a       data     extern C:\MCC18\v3_39\src\traditional\proc\p18F8722.asm
                 LATBbits   0x000f8a       data     extern C:\MCC18\v3_39\src\traditional\proc\p18F8722.asm
                     LATC   0x000f8b       data     extern C:\MCC18\v3_39\src\traditional\proc\p18F8722.asm
                 LATCbits   0x000f8b       data     extern C:\MCC18\v3_39\src\traditional\proc\p18F8722.asm
                     LATD   0x000f8c       data     extern C:\MCC18\v3_39\src\traditional\proc\p18F8722.asm
                 LATDbits   0x000f8c       data     extern C:\MCC18\v3_39\src\traditional\proc\p18F8722.asm
                     LATE   0x000f8d       data     extern C:\MCC18\v3_39\src\traditional\proc\p18F8722.asm
                 LATEbits   0x000f8d       data     extern C:\MCC18\v3_39\src\traditional\proc\p18F8722.asm
                     LATF   0x000f8e       data     extern C:\MCC18\v3_39\src\traditional\proc\p18F8722.asm
                 LATFbits   0x000f8e       data     extern C:\MCC18\v3_39\src\traditional\proc\p18F8722.asm
                     LATG   0x000f8f       data     extern C:\MCC18\v3_39\src\traditional\proc\p18F8722.asm
                 LATGbits   0x000f8f       data     extern C:\MCC18\v3_39\src\traditional\proc\p18F8722.asm
                     LATH   0x000f90       data     extern C:\MCC18\v3_39\src\traditional\proc\p18F8722.asm
                 LATHbits   0x000f90       data     extern C:\MCC18\v3_39\src\traditional\proc\p18F8722.asm
                     LATJ   0x000f91       data     extern C:\MCC18\v3_39\src\traditional\proc\p18F8722.asm
                 LATJbits   0x000f91       data     extern C:\MCC18\v3_39\src\traditional\proc\p18F8722.asm
                   LVDCON   0x000fd2       data     extern C:\MCC18\v3_39\src\traditional\proc\p18F8722.asm
               LVDCONbits   0x000fd2       data     extern C:\MCC18\v3_39\src\traditional\proc\p18F8722.asm
                   MEMCON   0x000f9c       data     extern C:\MCC18\v3_39\src\traditional\proc\p18F8722.asm
               MEMCONbits   0x000f9c       data     extern C:\MCC18\v3_39\src\traditional\proc\p18F8722.asm
                   OSCCON   0x000fd3       data     extern C:\MCC18\v3_39\src\traditional\proc\p18F8722.asm
               OSCCONbits   0x000fd3       data     extern C:\MCC18\v3_39\src\traditional\proc\p18F8722.asm
                  OSCTUNE   0x000f9b       data     extern C:\MCC18\v3_39\src\traditional\proc\p18F8722.asm
              OSCTUNEbits   0x000f9b       data     extern C:\MCC18\v3_39\src\traditional\proc\p18F8722.asm
                       PC   0x000ff9       data     extern C:\MCC18\v3_39\src\traditional\proc\p18F8722.asm
                      PCL   0x000ff9       data     extern C:\MCC18\v3_39\src\traditional\proc\p18F8722.asm
                   PCLATH   0x000ffa       data     extern C:\MCC18\v3_39\src\traditional\proc\p18F8722.asm
                   PCLATU   0x000ffb       data     extern C:\MCC18\v3_39\src\traditional\proc\p18F8722.asm
                     PIE1   0x000f9d       data     extern C:\MCC18\v3_39\src\traditional\proc\p18F8722.asm
                 PIE1bits   0x000f9d       data     extern C:\MCC18\v3_39\src\traditional\proc\p18F8722.asm
                     PIE2   0x000fa0       data     extern C:\MCC18\v3_39\src\traditional\proc\p18F8722.asm
                 PIE2bits   0x000fa0       data     extern C:\MCC18\v3_39\src\traditional\proc\p18F8722.asm
                     PIE3   0x000fa3       data     extern C:\MCC18\v3_39\src\traditional\proc\p18F8722.asm
                 PIE3bits   0x000fa3       data     extern C:\MCC18\v3_39\src\traditional\proc\p18F8722.asm
                     PIR1   0x000f9e       data     extern C:\MCC18\v3_39\src\traditional\proc\p18F8722.asm
                 PIR1bits   0x000f9e       data     extern C:\MCC18\v3_39\src\traditional\proc\p18F8722.asm
                     PIR2   0x000fa1       data     extern C:\MCC18\v3_39\src\traditional\proc\p18F8722.asm
                 PIR2bits   0x000fa1       data     extern C:\MCC18\v3_39\src\traditional\proc\p18F8722.asm
                     PIR3   0x000fa4       data     extern C:\MCC18\v3_39\src\traditional\proc\p18F8722.asm
                 PIR3bits   0x000fa4       data     extern C:\MCC18\v3_39\src\traditional\proc\p18F8722.asm
                   PLUSW0   0x000feb       data     extern C:\MCC18\v3_39\src\traditional\proc\p18F8722.asm
                   PLUSW1   0x000fe3       data     extern C:\MCC18\v3_39\src\traditional\proc\p18F8722.asm
                   PLUSW2   0x000fdb       data     extern C:\MCC18\v3_39\src\traditional\proc\p18F8722.asm
                    PORTA   0x000f80       data     extern C:\MCC18\v3_39\src\traditional\proc\p18F8722.asm
                PORTAbits   0x000f80       data     extern C:\MCC18\v3_39\src\traditional\proc\p18F8722.asm
                    PORTB   0x000f81       data     extern C:\MCC18\v3_39\src\traditional\proc\p18F8722.asm
                PORTBbits   0x000f81       data     extern C:\MCC18\v3_39\src\traditional\proc\p18F8722.asm
                    PORTC   0x000f82       data     extern C:\MCC18\v3_39\src\traditional\proc\p18F8722.asm
                PORTCbits   0x000f82       data     extern C:\MCC18\v3_39\src\traditional\proc\p18F8722.asm
                    PORTD   0x000f83       data     extern C:\MCC18\v3_39\src\traditional\proc\p18F8722.asm
                PORTDbits   0x000f83       data     extern C:\MCC18\v3_39\src\traditional\proc\p18F8722.asm
                    PORTE   0x000f84       data     extern C:\MCC18\v3_39\src\traditional\proc\p18F8722.asm
                PORTEbits   0x000f84       data     extern C:\MCC18\v3_39\src\traditional\proc\p18F8722.asm
                    PORTF   0x000f85       data     extern C:\MCC18\v3_39\src\traditional\proc\p18F8722.asm
                PORTFbits   0x000f85       data     extern C:\MCC18\v3_39\src\traditional\proc\p18F8722.asm
                    PORTG   0x000f86       data     extern C:\MCC18\v3_39\src\traditional\proc\p18F8722.asm
                PORTGbits   0x000f86       data     extern C:\MCC18\v3_39\src\traditional\proc\p18F8722.asm
                    PORTH   0x000f87       data     extern C:\MCC18\v3_39\src\traditional\proc\p18F8722.asm
                PORTHbits   0x000f87       data     extern C:\MCC18\v3_39\src\traditional\proc\p18F8722.asm
                    PORTJ   0x000f88       data     extern C:\MCC18\v3_39\src\traditional\proc\p18F8722.asm
                PORTJbits   0x000f88       data     extern C:\MCC18\v3_39\src\traditional\proc\p18F8722.asm
                 POSTDEC0   0x000fed       data     extern C:\MCC18\v3_39\src\traditional\proc\p18F8722.asm
                 POSTDEC1   0x000fe5       data     extern C:\MCC18\v3_39\src\traditional\proc\p18F8722.asm
                 POSTDEC2   0x000fdd       data     extern C:\MCC18\v3_39\src\traditional\proc\p18F8722.asm
                 POSTINC0   0x000fee       data     extern C:\MCC18\v3_39\src\traditional\proc\p18F8722.asm
                 POSTINC1   0x000fe6       data     extern C:\MCC18\v3_39\src\traditional\proc\p18F8722.asm
                 POSTINC2   0x000fde       data     extern C:\MCC18\v3_39\src\traditional\proc\p18F8722.asm
                      PR2   0x000fcb       data     extern C:\MCC18\v3_39\src\traditional\proc\p18F8722.asm
                      PR4   0x000f77       data     extern C:\MCC18\v3_39\src\traditional\proc\p18F8722.asm
                  PREINC0   0x000fec       data     extern C:\MCC18\v3_39\src\traditional\proc\p18F8722.asm
                  PREINC1   0x000fe4       data     extern C:\MCC18\v3_39\src\traditional\proc\p18F8722.asm
                  PREINC2   0x000fdc       data     extern C:\MCC18\v3_39\src\traditional\proc\p18F8722.asm
                     PROD   0x000ff3       data     extern C:\MCC18\v3_39\src\traditional\proc\p18F8722.asm
                    PRODH   0x000ff4       data     extern C:\MCC18\v3_39\src\traditional\proc\p18F8722.asm
                    PRODL   0x000ff3       data     extern C:\MCC18\v3_39\src\traditional\proc\p18F8722.asm
                   PSPCON   0x000fb0       data     extern C:\MCC18\v3_39\src\traditional\proc\p18F8722.asm
               PSPCONbits   0x000fb0       data     extern C:\MCC18\v3_39\src\traditional\proc\p18F8722.asm
                     RCON   0x000fd0       data     extern C:\MCC18\v3_39\src\traditional\proc\p18F8722.asm
                 RCONbits   0x000fd0       data     extern C:\MCC18\v3_39\src\traditional\proc\p18F8722.asm
                    RCREG   0x000fae       data     extern C:\MCC18\v3_39\src\traditional\proc\p18F8722.asm
                   RCREG1   0x000fae       data     extern C:\MCC18\v3_39\src\traditional\proc\p18F8722.asm
                   RCREG2   0x000f6e       data     extern C:\MCC18\v3_39\src\traditional\proc\p18F8722.asm
                    RCSTA   0x000fab       data     extern C:\MCC18\v3_39\src\traditional\proc\p18F8722.asm
                   RCSTA1   0x000fab       data     extern C:\MCC18\v3_39\src\traditional\proc\p18F8722.asm
               RCSTA1bits   0x000fab       data     extern C:\MCC18\v3_39\src\traditional\proc\p18F8722.asm
                   RCSTA2   0x000f6b       data     extern C:\MCC18\v3_39\src\traditional\proc\p18F8722.asm
               RCSTA2bits   0x000f6b       data     extern C:\MCC18\v3_39\src\traditional\proc\p18F8722.asm
                RCSTAbits   0x000fab       data     extern C:\MCC18\v3_39\src\traditional\proc\p18F8722.asm
           RESOURCENUMBER   0x000371       data     extern /home/bs2020/e2381705/Downloads/the4.X/taskdesc.c
            Resource_list   0x00036e       data     extern /home/bs2020/e2381705/Downloads/the4.X/taskdesc.c
                     SIGN   0x000009       data     extern C:\MCC18\v3_39\src\traditional\math\cmath18.asm
                    SPBRG   0x000faf       data     extern C:\MCC18\v3_39\src\traditional\proc\p18F8722.asm
                   SPBRG1   0x000faf       data     extern C:\MCC18\v3_39\src\traditional\proc\p18F8722.asm
                   SPBRG2   0x000f6f       data     extern C:\MCC18\v3_39\src\traditional\proc\p18F8722.asm
                   SPBRGH   0x000f7f       data     extern C:\MCC18\v3_39\src\traditional\proc\p18F8722.asm
                  SPBRGH1   0x000f7f       data     extern C:\MCC18\v3_39\src\traditional\proc\p18F8722.asm
                  SPBRGH2   0x000f7d       data     extern C:\MCC18\v3_39\src\traditional\proc\p18F8722.asm
                  SSP1ADD   0x000fc8       data     extern C:\MCC18\v3_39\src\traditional\proc\p18F8722.asm
                  SSP1BUF   0x000fc9       data     extern C:\MCC18\v3_39\src\traditional\proc\p18F8722.asm
                 SSP1CON1   0x000fc6       data     extern C:\MCC18\v3_39\src\traditional\proc\p18F8722.asm
             SSP1CON1bits   0x000fc6       data     extern C:\MCC18\v3_39\src\traditional\proc\p18F8722.asm
                 SSP1CON2   0x000fc5       data     extern C:\MCC18\v3_39\src\traditional\proc\p18F8722.asm
             SSP1CON2bits   0x000fc5       data     extern C:\MCC18\v3_39\src\traditional\proc\p18F8722.asm
                 SSP1STAT   0x000fc7       data     extern C:\MCC18\v3_39\src\traditional\proc\p18F8722.asm
             SSP1STATbits   0x000fc7       data     extern C:\MCC18\v3_39\src\traditional\proc\p18F8722.asm
                  SSP2ADD   0x000f65       data     extern C:\MCC18\v3_39\src\traditional\proc\p18F8722.asm
                  SSP2BUF   0x000f66       data     extern C:\MCC18\v3_39\src\traditional\proc\p18F8722.asm
                 SSP2CON1   0x000f63       data     extern C:\MCC18\v3_39\src\traditional\proc\p18F8722.asm
             SSP2CON1bits   0x000f63       data     extern C:\MCC18\v3_39\src\traditional\proc\p18F8722.asm
                 SSP2CON2   0x000f62       data     extern C:\MCC18\v3_39\src\traditional\proc\p18F8722.asm
             SSP2CON2bits   0x000f62       data     extern C:\MCC18\v3_39\src\traditional\proc\p18F8722.asm
                 SSP2STAT   0x000f64       data     extern C:\MCC18\v3_39\src\traditional\proc\p18F8722.asm
             SSP2STATbits   0x000f64       data     extern C:\MCC18\v3_39\src\traditional\proc\p18F8722.asm
                   SSPADD   0x000fc8       data     extern C:\MCC18\v3_39\src\traditional\proc\p18F8722.asm
                   SSPBUF   0x000fc9       data     extern C:\MCC18\v3_39\src\traditional\proc\p18F8722.asm
                  SSPCON1   0x000fc6       data     extern C:\MCC18\v3_39\src\traditional\proc\p18F8722.asm
              SSPCON1bits   0x000fc6       data     extern C:\MCC18\v3_39\src\traditional\proc\p18F8722.asm
                  SSPCON2   0x000fc5       data     extern C:\MCC18\v3_39\src\traditional\proc\p18F8722.asm
              SSPCON2bits   0x000fc5       data     extern C:\MCC18\v3_39\src\traditional\proc\p18F8722.asm
                  SSPSTAT   0x000fc7       data     extern C:\MCC18\v3_39\src\traditional\proc\p18F8722.asm
              SSPSTATbits   0x000fc7       data     extern C:\MCC18\v3_39\src\traditional\proc\p18F8722.asm
                   STATUS   0x000fd8       data     extern C:\MCC18\v3_39\src\traditional\proc\p18F8722.asm
               STATUSbits   0x000fd8       data     extern C:\MCC18\v3_39\src\traditional\proc\p18F8722.asm
                   STKPTR   0x000ffc       data     extern C:\MCC18\v3_39\src\traditional\proc\p18F8722.asm
               STKPTRbits   0x000ffc       data     extern C:\MCC18\v3_39\src\traditional\proc\p18F8722.asm
             SelectedMode   0x00038f       data     extern /home/bs2020/e2381705/Downloads/the4.X/main.c
                    T0CON   0x000fd5       data     extern C:\MCC18\v3_39\src\traditional\proc\p18F8722.asm
                T0CONbits   0x000fd5       data     extern C:\MCC18\v3_39\src\traditional\proc\p18F8722.asm
                    T1CON   0x000fcd       data     extern C:\MCC18\v3_39\src\traditional\proc\p18F8722.asm
                T1CONbits   0x000fcd       data     extern C:\MCC18\v3_39\src\traditional\proc\p18F8722.asm
                    T2CON   0x000fca       data     extern C:\MCC18\v3_39\src\traditional\proc\p18F8722.asm
                T2CONbits   0x000fca       data     extern C:\MCC18\v3_39\src\traditional\proc\p18F8722.asm
                    T3CON   0x000fb1       data     extern C:\MCC18\v3_39\src\traditional\proc\p18F8722.asm
                T3CONbits   0x000fb1       data     extern C:\MCC18\v3_39\src\traditional\proc\p18F8722.asm
                    T4CON   0x000f76       data     extern C:\MCC18\v3_39\src\traditional\proc\p18F8722.asm
                T4CONbits   0x000f76       data     extern C:\MCC18\v3_39\src\traditional\proc\p18F8722.asm
                   TABLAT   0x000ff5       data     extern C:\MCC18\v3_39\src\traditional\proc\p18F8722.asm
                   TBLPTR   0x000ff6       data     extern C:\MCC18\v3_39\src\traditional\proc\p18F8722.asm
                  TBLPTRH   0x000ff7       data     extern C:\MCC18\v3_39\src\traditional\proc\p18F8722.asm
                  TBLPTRL   0x000ff6       data     extern C:\MCC18\v3_39\src\traditional\proc\p18F8722.asm
                  TBLPTRU   0x000ff8       data     extern C:\MCC18\v3_39\src\traditional\proc\p18F8722.asm
                    TMR0H   0x000fd7       data     extern C:\MCC18\v3_39\src\traditional\proc\p18F8722.asm
                    TMR0L   0x000fd6       data     extern C:\MCC18\v3_39\src\traditional\proc\p18F8722.asm
                    TMR1H   0x000fcf       data     extern C:\MCC18\v3_39\src\traditional\proc\p18F8722.asm
                    TMR1L   0x000fce       data     extern C:\MCC18\v3_39\src\traditional\proc\p18F8722.asm
                     TMR2   0x000fcc       data     extern C:\MCC18\v3_39\src\traditional\proc\p18F8722.asm
                    TMR3H   0x000fb3       data     extern C:\MCC18\v3_39\src\traditional\proc\p18F8722.asm
                    TMR3L   0x000fb2       data     extern C:\MCC18\v3_39\src\traditional\proc\p18F8722.asm
                     TMR4   0x000f78       data     extern C:\MCC18\v3_39\src\traditional\proc\p18F8722.asm
                      TOS   0x000ffd       data     extern C:\MCC18\v3_39\src\traditional\proc\p18F8722.asm
                     TOSH   0x000ffe       data     extern C:\MCC18\v3_39\src\traditional\proc\p18F8722.asm
                     TOSL   0x000ffd       data     extern C:\MCC18\v3_39\src\traditional\proc\p18F8722.asm
                     TOSU   0x000fff       data     extern C:\MCC18\v3_39\src\traditional\proc\p18F8722.asm
                    TRISA   0x000f92       data     extern C:\MCC18\v3_39\src\traditional\proc\p18F8722.asm
                TRISAbits   0x000f92       data     extern C:\MCC18\v3_39\src\traditional\proc\p18F8722.asm
                    TRISB   0x000f93       data     extern C:\MCC18\v3_39\src\traditional\proc\p18F8722.asm
                TRISBbits   0x000f93       data     extern C:\MCC18\v3_39\src\traditional\proc\p18F8722.asm
                    TRISC   0x000f94       data     extern C:\MCC18\v3_39\src\traditional\proc\p18F8722.asm
                TRISCbits   0x000f94       data     extern C:\MCC18\v3_39\src\traditional\proc\p18F8722.asm
                    TRISD   0x000f95       data     extern C:\MCC18\v3_39\src\traditional\proc\p18F8722.asm
                TRISDbits   0x000f95       data     extern C:\MCC18\v3_39\src\traditional\proc\p18F8722.asm
                    TRISE   0x000f96       data     extern C:\MCC18\v3_39\src\traditional\proc\p18F8722.asm
                TRISEbits   0x000f96       data     extern C:\MCC18\v3_39\src\traditional\proc\p18F8722.asm
                    TRISF   0x000f97       data     extern C:\MCC18\v3_39\src\traditional\proc\p18F8722.asm
                TRISFbits   0x000f97       data     extern C:\MCC18\v3_39\src\traditional\proc\p18F8722.asm
                    TRISG   0x000f98       data     extern C:\MCC18\v3_39\src\traditional\proc\p18F8722.asm
                TRISGbits   0x000f98       data     extern C:\MCC18\v3_39\src\traditional\proc\p18F8722.asm
                    TRISH   0x000f99       data     extern C:\MCC18\v3_39\src\traditional\proc\p18F8722.asm
                TRISHbits   0x000f99       data     extern C:\MCC18\v3_39\src\traditional\proc\p18F8722.asm
                    TRISJ   0x000f9a       data     extern C:\MCC18\v3_39\src\traditional\proc\p18F8722.asm
                TRISJbits   0x000f9a       data     extern C:\MCC18\v3_39\src\traditional\proc\p18F8722.asm
                    TXREG   0x000fad       data     extern C:\MCC18\v3_39\src\traditional\proc\p18F8722.asm
                   TXREG1   0x000fad       data     extern C:\MCC18\v3_39\src\traditional\proc\p18F8722.asm
                   TXREG2   0x000f6d       data     extern C:\MCC18\v3_39\src\traditional\proc\p18F8722.asm
                    TXSTA   0x000fac       data     extern C:\MCC18\v3_39\src\traditional\proc\p18F8722.asm
                   TXSTA1   0x000fac       data     extern C:\MCC18\v3_39\src\traditional\proc\p18F8722.asm
               TXSTA1bits   0x000fac       data     extern C:\MCC18\v3_39\src\traditional\proc\p18F8722.asm
                   TXSTA2   0x000f6c       data     extern C:\MCC18\v3_39\src\traditional\proc\p18F8722.asm
               TXSTA2bits   0x000f6c       data     extern C:\MCC18\v3_39\src\traditional\proc\p18F8722.asm
                TXSTAbits   0x000fac       data     extern C:\MCC18\v3_39\src\traditional\proc\p18F8722.asm
                     Tmr0   0x00038d       data     extern c:\PICos18_v2_10\Kernel\alarm.c
                   WDTCON   0x000fd1       data     extern C:\MCC18\v3_39\src\traditional\proc\p18F8722.asm
               WDTCONbits   0x000fd1       data     extern C:\MCC18\v3_39\src\traditional\proc\p18F8722.asm
                     WREG   0x000fe8       data     extern C:\MCC18\v3_39\src\traditional\proc\p18F8722.asm
                 __AARGB0   0x000007       data     extern C:\MCC18\v3_39\src\traditional\math\aarg.asm
                 __AARGB1   0x000006       data     extern C:\MCC18\v3_39\src\traditional\math\aarg.asm
                 __AARGB2   0x000005       data     extern C:\MCC18\v3_39\src\traditional\math\aarg.asm
                 __AARGB3   0x000004       data     extern C:\MCC18\v3_39\src\traditional\math\aarg.asm
                 __AARGB4   0x000003       data     extern C:\MCC18\v3_39\src\traditional\math\aarg.asm
                 __AARGB5   0x000002       data     extern C:\MCC18\v3_39\src\traditional\math\aarg.asm
                 __AARGB6   0x000001       data     extern C:\MCC18\v3_39\src\traditional\math\aarg.asm
                 __AARGB7   0x000000       data     extern C:\MCC18\v3_39\src\traditional\math\aarg.asm
                   __AEXP   0x000008       data     extern C:\MCC18\v3_39\src\traditional\math\aarg.asm
                 __BARGB0   0x00000e       data     extern C:\MCC18\v3_39\src\traditional\math\barg.asm
                 __BARGB1   0x00000d       data     extern C:\MCC18\v3_39\src\traditional\math\barg.asm
                 __BARGB2   0x00000c       data     extern C:\MCC18\v3_39\src\traditional\math\barg.asm
                 __BARGB3   0x00000b       data     extern C:\MCC18\v3_39\src\traditional\math\barg.asm
                   __BEXP   0x00000f       data     extern C:\MCC18\v3_39\src\traditional\math\barg.asm
                __FPFLAGS   0x00000a       data     extern C:\MCC18\v3_39\src\traditional\math\cmath18.asm
            __FPFLAGSbits   0x00000a       data     extern C:\MCC18\v3_39\src\traditional\math\cmath18.asm
                  __REMB0   0x000003       data     extern C:\MCC18\v3_39\src\traditional\math\aarg.asm
                  __REMB1   0x000002       data     extern C:\MCC18\v3_39\src\traditional\math\aarg.asm
                  __REMB2   0x000001       data     extern C:\MCC18\v3_39\src\traditional\math\aarg.asm
                  __REMB3   0x000000       data     extern C:\MCC18\v3_39\src\traditional\math\aarg.asm
                   __TEMP   0x000013       data     extern C:\MCC18\v3_39\src\traditional\math\temparg.asm
                 __TEMPB0   0x000013       data     extern C:\MCC18\v3_39\src\traditional\math\temparg.asm
                 __TEMPB1   0x000012       data     extern C:\MCC18\v3_39\src\traditional\math\temparg.asm
                 __TEMPB2   0x000011       data     extern C:\MCC18\v3_39\src\traditional\math\temparg.asm
                 __TEMPB3   0x000010       data     extern C:\MCC18\v3_39\src\traditional\math\temparg.asm
                  __tmp_0   0x000014       data     static C:\MCC18\v3_39\src\traditional\stdclib\sprintf.c
                  __tmp_0   0x000014       data     static C:\MCC18\v3_39\src\traditional\stdclib\vfprintf.c
                  __tmp_0   0x000014       data     static c:\PICos18_v2_10\Kernel\even_man.c
                  __tmp_0   0x000014       data     static C:\MCC18\v3_39\src\traditional\stdclib\putc.c
                  __tmp_0   0x000014       data     static c:\PICos18_v2_10\Kernel\alarm.c
                  __tmp_0   0x000014       data     static /home/bs2020/e2381705/Downloads/the4.X/tsk_task1.c
                  __tmp_0   0x000014       data     static /home/bs2020/e2381705/Downloads/the4.X/tsk_task0.c
                  __tmp_0   0x000014       data     static /home/bs2020/e2381705/Downloads/the4.X/main.c
                  __tmp_0   0x000014       data     static /home/bs2020/e2381705/Downloads/the4.X/common.c
                  __tmp_0   0x000014       data     static c:\PICos18_v2_10\Kernel\pro_man.c
                  appmode   0x00038a       data     extern c:\PICos18_v2_10\Kernel\pro_man.c
                    array   0x00037e       data     extern /home/bs2020/e2381705/Downloads/the4.X/tsk_task0.c
                curr_byte   0x000377       data     static C:\MCC18\v3_39\src\traditional\startup\c018iz.c
               curr_entry   0x000379       data     static C:\MCC18\v3_39\src\traditional\startup\c018iz.c
                 data_ptr   0x00037b       data     static C:\MCC18\v3_39\src\traditional\startup\c018iz.c
                  event_1   0x000080       data     extern c:\PICos18_v2_10\Kernel\even_man.c
                 event_10   0x000089       data     extern c:\PICos18_v2_10\Kernel\even_man.c
                 event_11   0x00008a       data     extern c:\PICos18_v2_10\Kernel\even_man.c
                 event_12   0x00008b       data     extern c:\PICos18_v2_10\Kernel\even_man.c
                 event_13   0x00008c       data     extern c:\PICos18_v2_10\Kernel\even_man.c
                 event_14   0x00008d       data     extern c:\PICos18_v2_10\Kernel\even_man.c
                 event_15   0x00008e       data     extern c:\PICos18_v2_10\Kernel\even_man.c
                 event_16   0x00008f       data     extern c:\PICos18_v2_10\Kernel\even_man.c
                  event_2   0x000081       data     extern c:\PICos18_v2_10\Kernel\even_man.c
                  event_3   0x000082       data     extern c:\PICos18_v2_10\Kernel\even_man.c
                  event_4   0x000083       data     extern c:\PICos18_v2_10\Kernel\even_man.c
                  event_5   0x000084       data     extern c:\PICos18_v2_10\Kernel\even_man.c
                  event_6   0x000085       data     extern c:\PICos18_v2_10\Kernel\even_man.c
                  event_7   0x000086       data     extern c:\PICos18_v2_10\Kernel\even_man.c
                  event_8   0x000087       data     extern c:\PICos18_v2_10\Kernel\even_man.c
                  event_9   0x000088       data     extern c:\PICos18_v2_10\Kernel\even_man.c
           global_counter   0x00036a       data     extern /home/bs2020/e2381705/Downloads/the4.X/taskdesc.c
                   goFlag   0x00033a       data     extern /home/bs2020/e2381705/Downloads/the4.X/common.c
                    happy   0x000330       data     extern /home/bs2020/e2381705/Downloads/the4.X/common.c
                   hunger   0x000332       data     extern /home/bs2020/e2381705/Downloads/the4.X/common.c
               id_tsk_run   0x000060       data     extern c:\PICos18_v2_10\Kernel\kernel.asm
               inTransmit   0x000338       data     extern /home/bs2020/e2381705/Downloads/the4.X/common.c
              kernelPanic   0x000065       data     extern c:\PICos18_v2_10\Kernel\kernel.asm
              kernelState   0x000064       data     extern c:\PICos18_v2_10\Kernel\kernel.asm
              kernel_copy   0x000390       data     extern c:\PICos18_v2_10\Kernel\int_man.c
                    money   0x00032e       data     extern /home/bs2020/e2381705/Downloads/the4.X/common.c
                   permut   0x000063       data     static c:\PICos18_v2_10\Kernel\kernel.asm
                     prom   0x000374       data     static C:\MCC18\v3_39\src\traditional\startup\c018iz.c
               rcvd_value   0x000328       data     extern /home/bs2020/e2381705/Downloads/the4.X/common.c
            receiveBuffer   0x000314       data     extern /home/bs2020/e2381705/Downloads/the4.X/common.c
              receiveFlag   0x000336       data     extern /home/bs2020/e2381705/Downloads/the4.X/common.c
             receiveIndex   0x00032a       data     extern /home/bs2020/e2381705/Downloads/the4.X/common.c
                   stack0   0x000200       data     extern /home/bs2020/e2381705/Downloads/the4.X/taskdesc.c
                   stack1   0x000100       data     extern /home/bs2020/e2381705/Downloads/the4.X/taskdesc.c
               stack_high   0x00038c       data     extern c:\PICos18_v2_10\Kernel\pro_man.c
                stack_low   0x00038b       data     extern c:\PICos18_v2_10\Kernel\pro_man.c
            startAddressH   0x000067       data     static c:\PICos18_v2_10\Kernel\kernel.asm
            startAddressL   0x000066       data     static c:\PICos18_v2_10\Kernel\kernel.asm
            taskdesc_addr   0x000372       data     extern /home/bs2020/e2381705/Downloads/the4.X/taskdesc.c
                     temp   0x000061       data     static c:\PICos18_v2_10\Kernel\kernel.asm
                    temp2   0x000062       data     static c:\PICos18_v2_10\Kernel\kernel.asm
                   thirst   0x000334       data     extern /home/bs2020/e2381705/Downloads/the4.X/common.c
           transmitBuffer   0x000300       data     extern /home/bs2020/e2381705/Downloads/the4.X/common.c
            transmitIndex   0x00032c       data     extern /home/bs2020/e2381705/Downloads/the4.X/common.c
        tsk_10_activ_prio   0x0000b9       data     extern c:\PICos18_v2_10\Kernel\pro_man.c
          tsk_10_state_ID   0x0000a9       data     extern c:\PICos18_v2_10\Kernel\pro_man.c
        tsk_11_activ_prio   0x0000ba       data     extern c:\PICos18_v2_10\Kernel\pro_man.c
          tsk_11_state_ID   0x0000aa       data     extern c:\PICos18_v2_10\Kernel\pro_man.c
        tsk_12_activ_prio   0x0000bb       data     extern c:\PICos18_v2_10\Kernel\pro_man.c
          tsk_12_state_ID   0x0000ab       data     extern c:\PICos18_v2_10\Kernel\pro_man.c
        tsk_13_activ_prio   0x0000bc       data     extern c:\PICos18_v2_10\Kernel\pro_man.c
          tsk_13_state_ID   0x0000ac       data     extern c:\PICos18_v2_10\Kernel\pro_man.c
        tsk_14_activ_prio   0x0000bd       data     extern c:\PICos18_v2_10\Kernel\pro_man.c
          tsk_14_state_ID   0x0000ad       data     extern c:\PICos18_v2_10\Kernel\pro_man.c
        tsk_15_activ_prio   0x0000be       data     extern c:\PICos18_v2_10\Kernel\pro_man.c
          tsk_15_state_ID   0x0000ae       data     extern c:\PICos18_v2_10\Kernel\pro_man.c
        tsk_16_activ_prio   0x0000bf       data     extern c:\PICos18_v2_10\Kernel\pro_man.c
          tsk_16_state_ID   0x0000af       data     extern c:\PICos18_v2_10\Kernel\pro_man.c
         tsk_1_activ_prio   0x0000b0       data     extern c:\PICos18_v2_10\Kernel\pro_man.c
           tsk_1_state_ID   0x0000a0       data     extern c:\PICos18_v2_10\Kernel\pro_man.c
         tsk_2_activ_prio   0x0000b1       data     extern c:\PICos18_v2_10\Kernel\pro_man.c
           tsk_2_state_ID   0x0000a1       data     extern c:\PICos18_v2_10\Kernel\pro_man.c
         tsk_3_activ_prio   0x0000b2       data     extern c:\PICos18_v2_10\Kernel\pro_man.c
           tsk_3_state_ID   0x0000a2       data     extern c:\PICos18_v2_10\Kernel\pro_man.c
         tsk_4_activ_prio   0x0000b3       data     extern c:\PICos18_v2_10\Kernel\pro_man.c
           tsk_4_state_ID   0x0000a3       data     extern c:\PICos18_v2_10\Kernel\pro_man.c
         tsk_5_activ_prio   0x0000b4       data     extern c:\PICos18_v2_10\Kernel\pro_man.c
           tsk_5_state_ID   0x0000a4       data     extern c:\PICos18_v2_10\Kernel\pro_man.c
         tsk_6_activ_prio   0x0000b5       data     extern c:\PICos18_v2_10\Kernel\pro_man.c
           tsk_6_state_ID   0x0000a5       data     extern c:\PICos18_v2_10\Kernel\pro_man.c
         tsk_7_activ_prio   0x0000b6       data     extern c:\PICos18_v2_10\Kernel\pro_man.c
           tsk_7_state_ID   0x0000a6       data     extern c:\PICos18_v2_10\Kernel\pro_man.c
         tsk_8_activ_prio   0x0000b7       data     extern c:\PICos18_v2_10\Kernel\pro_man.c
           tsk_8_state_ID   0x0000a7       data     extern c:\PICos18_v2_10\Kernel\pro_man.c
         tsk_9_activ_prio   0x0000b8       data     extern c:\PICos18_v2_10\Kernel\pro_man.c
           tsk_9_state_ID   0x0000a8       data     extern c:\PICos18_v2_10\Kernel\pro_man.c
               tsmt_value   0x000329       data     extern /home/bs2020/e2381705/Downloads/the4.X/common.c
                   wait_1   0x000090       data     extern c:\PICos18_v2_10\Kernel\even_man.c
                  wait_10   0x000099       data     extern c:\PICos18_v2_10\Kernel\even_man.c
                  wait_11   0x00009a       data     extern c:\PICos18_v2_10\Kernel\even_man.c
                  wait_12   0x00009b       data     extern c:\PICos18_v2_10\Kernel\even_man.c
                  wait_13   0x00009c       data     extern c:\PICos18_v2_10\Kernel\even_man.c
                  wait_14   0x00009d       data     extern c:\PICos18_v2_10\Kernel\even_man.c
                  wait_15   0x00009e       data     extern c:\PICos18_v2_10\Kernel\even_man.c
                  wait_16   0x00009f       data     extern c:\PICos18_v2_10\Kernel\even_man.c
                   wait_2   0x000091       data     extern c:\PICos18_v2_10\Kernel\even_man.c
                   wait_3   0x000092       data     extern c:\PICos18_v2_10\Kernel\even_man.c
                   wait_4   0x000093       data     extern c:\PICos18_v2_10\Kernel\even_man.c
                   wait_5   0x000094       data     extern c:\PICos18_v2_10\Kernel\even_man.c
[...]
                 DDRGbits   0x000f98       data     extern C:\MCC18\v3_39\src\traditional\proc\p18F8722.asm
                    TRISG   0x000f98       data     extern C:\MCC18\v3_39\src\traditional\proc\p18F8722.asm
                TRISGbits   0x000f98       data     extern C:\MCC18\v3_39\src\traditional\proc\p18F8722.asm
                     DDRH   0x000f99       data     extern C:\MCC18\v3_39\src\traditional\proc\p18F8722.asm
                 DDRHbits   0x000f99       data     extern C:\MCC18\v3_39\src\traditional\proc\p18F8722.asm
                    TRISH   0x000f99       data     extern C:\MCC18\v3_39\src\traditional\proc\p18F8722.asm
                TRISHbits   0x000f99       data     extern C:\MCC18\v3_39\src\traditional\proc\p18F8722.asm
                TRISJbits   0x000f9a       data     extern C:\MCC18\v3_39\src\traditional\proc\p18F8722.asm
                     DDRJ   0x000f9a       data     extern C:\MCC18\v3_39\src\traditional\proc\p18F8722.asm
                 DDRJbits   0x000f9a       data     extern C:\MCC18\v3_39\src\traditional\proc\p18F8722.asm
                    TRISJ   0x000f9a       data     extern C:\MCC18\v3_39\src\traditional\proc\p18F8722.asm
                  OSCTUNE   0x000f9b       data     extern C:\MCC18\v3_39\src\traditional\proc\p18F8722.asm
              OSCTUNEbits   0x000f9b       data     extern C:\MCC18\v3_39\src\traditional\proc\p18F8722.asm
                   MEMCON   0x000f9c       data     extern C:\MCC18\v3_39\src\traditional\proc\p18F8722.asm
               MEMCONbits   0x000f9c       data     extern C:\MCC18\v3_39\src\traditional\proc\p18F8722.asm
                 PIE1bits   0x000f9d       data     extern C:\MCC18\v3_39\src\traditional\proc\p18F8722.asm
                     PIE1   0x000f9d       data     extern C:\MCC18\v3_39\src\traditional\proc\p18F8722.asm
                 PIR1bits   0x000f9e       data     extern C:\MCC18\v3_39\src\traditional\proc\p18F8722.asm
                     PIR1   0x000f9e       data     extern C:\MCC18\v3_39\src\traditional\proc\p18F8722.asm
                 IPR1bits   0x000f9f       data     extern C:\MCC18\v3_39\src\traditional\proc\p18F8722.asm
                     IPR1   0x000f9f       data     extern C:\MCC18\v3_39\src\traditional\proc\p18F8722.asm
                     PIE2   0x000fa0       data     extern C:\MCC18\v3_39\src\traditional\proc\p18F8722.asm
                 PIE2bits   0x000fa0       data     extern C:\MCC18\v3_39\src\traditional\proc\p18F8722.asm
                 PIR2bits   0x000fa1       data     extern C:\MCC18\v3_39\src\traditional\proc\p18F8722.asm
                     PIR2   0x000fa1       data     extern C:\MCC18\v3_39\src\traditional\proc\p18F8722.asm
                 IPR2bits   0x000fa2       data     extern C:\MCC18\v3_39\src\traditional\proc\p18F8722.asm
                     IPR2   0x000fa2       data     extern C:\MCC18\v3_39\src\traditional\proc\p18F8722.asm
                     PIE3   0x000fa3       data     extern C:\MCC18\v3_39\src\traditional\proc\p18F8722.asm
                 PIE3bits   0x000fa3       data     extern C:\MCC18\v3_39\src\traditional\proc\p18F8722.asm
                     PIR3   0x000fa4       data     extern C:\MCC18\v3_39\src\traditional\proc\p18F8722.asm
                 PIR3bits   0x000fa4       data     extern C:\MCC18\v3_39\src\traditional\proc\p18F8722.asm
                 IPR3bits   0x000fa5       data     extern C:\MCC18\v3_39\src\traditional\proc\p18F8722.asm
                     IPR3   0x000fa5       data     extern C:\MCC18\v3_39\src\traditional\proc\p18F8722.asm
               EECON1bits   0x000fa6       data     extern C:\MCC18\v3_39\src\traditional\proc\p18F8722.asm
                   EECON1   0x000fa6       data     extern C:\MCC18\v3_39\src\traditional\proc\p18F8722.asm
                   EECON2   0x000fa7       data     extern C:\MCC18\v3_39\src\traditional\proc\p18F8722.asm
                   EEDATA   0x000fa8       data     extern C:\MCC18\v3_39\src\traditional\proc\p18F8722.asm
                    EEADR   0x000fa9       data     extern C:\MCC18\v3_39\src\traditional\proc\p18F8722.asm
                   EEADRH   0x000faa       data     extern C:\MCC18\v3_39\src\traditional\proc\p18F8722.asm
                   RCSTA1   0x000fab       data     extern C:\MCC18\v3_39\src\traditional\proc\p18F8722.asm
                    RCSTA   0x000fab       data     extern C:\MCC18\v3_39\src\traditional\proc\p18F8722.asm
               RCSTA1bits   0x000fab       data     extern C:\MCC18\v3_39\src\traditional\proc\p18F8722.asm
                RCSTAbits   0x000fab       data     extern C:\MCC18\v3_39\src\traditional\proc\p18F8722.asm
                    TXSTA   0x000fac       data     extern C:\MCC18\v3_39\src\traditional\proc\p18F8722.asm
                   TXSTA1   0x000fac       data     extern C:\MCC18\v3_39\src\traditional\proc\p18F8722.asm
               TXSTA1bits   0x000fac       data     extern C:\MCC18\v3_39\src\traditional\proc\p18F8722.asm
                TXSTAbits   0x000fac       data     extern C:\MCC18\v3_39\src\traditional\proc\p18F8722.asm
                    TXREG   0x000fad       data     extern C:\MCC18\v3_39\src\traditional\proc\p18F8722.asm
                   TXREG1   0x000fad       data     extern C:\MCC18\v3_39\src\traditional\proc\p18F8722.asm
                   RCREG1   0x000fae       data     extern C:\MCC18\v3_39\src\traditional\proc\p18F8722.asm
                    RCREG   0x000fae       data     extern C:\MCC18\v3_39\src\traditional\proc\p18F8722.asm
                    SPBRG   0x000faf       data     extern C:\MCC18\v3_39\src\traditional\proc\p18F8722.asm
                   SPBRG1   0x000faf       data     extern C:\MCC18\v3_39\src\traditional\proc\p18F8722.asm
               PSPCONbits   0x000fb0       data     extern C:\MCC18\v3_39\src\traditional\proc\p18F8722.asm
                   PSPCON   0x000fb0       data     extern C:\MCC18\v3_39\src\traditional\proc\p18F8722.asm
                    T3CON   0x000fb1       data     extern C:\MCC18\v3_39\src\traditional\proc\p18F8722.asm
                T3CONbits   0x000fb1       data     extern C:\MCC18\v3_39\src\traditional\proc\p18F8722.asm
                    TMR3L   0x000fb2       data     extern C:\MCC18\v3_39\src\traditional\proc\p18F8722.asm
                    TMR3H   0x000fb3       data     extern C:\MCC18\v3_39\src\traditional\proc\p18F8722.asm
                    CMCON   0x000fb4       data     extern C:\MCC18\v3_39\src\traditional\proc\p18F8722.asm
                CMCONbits   0x000fb4       data     extern C:\MCC18\v3_39\src\traditional\proc\p18F8722.asm
               CVRCONbits   0x000fb5       data     extern C:\MCC18\v3_39\src\traditional\proc\p18F8722.asm
                   CVRCON   0x000fb5       data     extern C:\MCC18\v3_39\src\traditional\proc\p18F8722.asm
              ECCP1ASbits   0x000fb6       data     extern C:\MCC18\v3_39\src\traditional\proc\p18F8722.asm
                  ECCP1AS   0x000fb6       data     extern C:\MCC18\v3_39\src\traditional\proc\p18F8722.asm
                  CCP3CON   0x000fb7       data     extern C:\MCC18\v3_39\src\traditional\proc\p18F8722.asm
              CCP3CONbits   0x000fb7       data     extern C:\MCC18\v3_39\src\traditional\proc\p18F8722.asm
                 ECCP3CON   0x000fb7       data     extern C:\MCC18\v3_39\src\traditional\proc\p18F8722.asm
             ECCP3CONbits   0x000fb7       data     extern C:\MCC18\v3_39\src\traditional\proc\p18F8722.asm
                    CCPR3   0x000fb8       data     extern C:\MCC18\v3_39\src\traditional\proc\p18F8722.asm
                   CCPR3L   0x000fb8       data     extern C:\MCC18\v3_39\src\traditional\proc\p18F8722.asm
                   CCPR3H   0x000fb9       data     extern C:\MCC18\v3_39\src\traditional\proc\p18F8722.asm
             ECCP2CONbits   0x000fba       data     extern C:\MCC18\v3_39\src\traditional\proc\p18F8722.asm
              CCP2CONbits   0x000fba       data     extern C:\MCC18\v3_39\src\traditional\proc\p18F8722.asm
                  CCP2CON   0x000fba       data     extern C:\MCC18\v3_39\src\traditional\proc\p18F8722.asm
                 ECCP2CON   0x000fba       data     extern C:\MCC18\v3_39\src\traditional\proc\p18F8722.asm
                    CCPR2   0x000fbb       data     extern C:\MCC18\v3_39\src\traditional\proc\p18F8722.asm
                   CCPR2L   0x000fbb       data     extern C:\MCC18\v3_39\src\traditional\proc\p18F8722.asm
                   CCPR2H   0x000fbc       data     extern C:\MCC18\v3_39\src\traditional\proc\p18F8722.asm
              CCP1CONbits   0x000fbd       data     extern C:\MCC18\v3_39\src\traditional\proc\p18F8722.asm
                  CCP1CON   0x000fbd       data     extern C:\MCC18\v3_39\src\traditional\proc\p18F8722.asm
                 ECCP1CON   0x000fbd       data     extern C:\MCC18\v3_39\src\traditional\proc\p18F8722.asm
             ECCP1CONbits   0x000fbd       data     extern C:\MCC18\v3_39\src\traditional\proc\p18F8722.asm
                   CCPR1L   0x000fbe       data     extern C:\MCC18\v3_39\src\traditional\proc\p18F8722.asm
                    CCPR1   0x000fbe       data     extern C:\MCC18\v3_39\src\traditional\proc\p18F8722.asm
                   CCPR1H   0x000fbf       data     extern C:\MCC18\v3_39\src\traditional\proc\p18F8722.asm
               ADCON2bits   0x000fc0       data     extern C:\MCC18\v3_39\src\traditional\proc\p18F8722.asm
                   ADCON2   0x000fc0       data     extern C:\MCC18\v3_39\src\traditional\proc\p18F8722.asm
               ADCON1bits   0x000fc1       data     extern C:\MCC18\v3_39\src\traditional\proc\p18F8722.asm
                   ADCON1   0x000fc1       data     extern C:\MCC18\v3_39\src\traditional\proc\p18F8722.asm
                   ADCON0   0x000fc2       data     extern C:\MCC18\v3_39\src\traditional\proc\p18F8722.asm
               ADCON0bits   0x000fc2       data     extern C:\MCC18\v3_39\src\traditional\proc\p18F8722.asm
                    ADRES   0x000fc3       data     extern C:\MCC18\v3_39\src\traditional\proc\p18F8722.asm
                   ADRESL   0x000fc3       data     extern C:\MCC18\v3_39\src\traditional\proc\p18F8722.asm
                   ADRESH   0x000fc4       data     extern C:\MCC18\v3_39\src\traditional\proc\p18F8722.asm
                 SSP1CON2   0x000fc5       data     extern C:\MCC18\v3_39\src\traditional\proc\p18F8722.asm
             SSP1CON2bits   0x000fc5       data     extern C:\MCC18\v3_39\src\traditional\proc\p18F8722.asm
                  SSPCON2   0x000fc5       data     extern C:\MCC18\v3_39\src\traditional\proc\p18F8722.asm
              SSPCON2bits   0x000fc5       data     extern C:\MCC18\v3_39\src\traditional\proc\p18F8722.asm
                 SSP1CON1   0x000fc6       data     extern C:\MCC18\v3_39\src\traditional\proc\p18F8722.asm
             SSP1CON1bits   0x000fc6       data     extern C:\MCC18\v3_39\src\traditional\proc\p18F8722.asm
                  SSPCON1   0x000fc6       data     extern C:\MCC18\v3_39\src\traditional\proc\p18F8722.asm
              SSPCON1bits   0x000fc6       data     extern C:\MCC18\v3_39\src\traditional\proc\p18F8722.asm
                 SSP1STAT   0x000fc7       data     extern C:\MCC18\v3_39\src\traditional\proc\p18F8722.asm
             SSP1STATbits   0x000fc7       data     extern C:\MCC18\v3_39\src\traditional\proc\p18F8722.asm
                  SSPSTAT   0x000fc7       data     extern C:\MCC18\v3_39\src\traditional\proc\p18F8722.asm
              SSPSTATbits   0x000fc7       data     extern C:\MCC18\v3_39\src\traditional\proc\p18F8722.asm
                   SSPADD   0x000fc8       data     extern C:\MCC18\v3_39\src\traditional\proc\p18F8722.asm
                  SSP1ADD   0x000fc8       data     extern C:\MCC18\v3_39\src\traditional\proc\p18F8722.asm
                   SSPBUF   0x000fc9       data     extern C:\MCC18\v3_39\src\traditional\proc\p18F8722.asm
                  SSP1BUF   0x000fc9       data     extern C:\MCC18\v3_39\src\traditional\proc\p18F8722.asm
                T2CONbits   0x000fca       data     extern C:\MCC18\v3_39\src\traditional\proc\p18F8722.asm
                    T2CON   0x000fca       data     extern C:\MCC18\v3_39\src\traditional\proc\p18F8722.asm
                      PR2   0x000fcb       data     extern C:\MCC18\v3_39\src\traditional\proc\p18F8722.asm
                     TMR2   0x000fcc       data     extern C:\MCC18\v3_39\src\traditional\proc\p18F8722.asm
                    T1CON   0x000fcd       data     extern C:\MCC18\v3_39\src\traditional\proc\p18F8722.asm
                T1CONbits   0x000fcd       data     extern C:\MCC18\v3_39\src\traditional\proc\p18F8722.asm
                    TMR1L   0x000fce       data     extern C:\MCC18\v3_39\src\traditional\proc\p18F8722.asm
                    TMR1H   0x000fcf       data     extern C:\MCC18\v3_39\src\traditional\proc\p18F8722.asm
                 RCONbits   0x000fd0       data     extern C:\MCC18\v3_39\src\traditional\proc\p18F8722.asm
                     RCON   0x000fd0       data     extern C:\MCC18\v3_39\src\traditional\proc\p18F8722.asm
               WDTCONbits   0x000fd1       data     extern C:\MCC18\v3_39\src\traditional\proc\p18F8722.asm
                   WDTCON   0x000fd1       data     extern C:\MCC18\v3_39\src\traditional\proc\p18F8722.asm
                  HLVDCON   0x000fd2       data     extern C:\MCC18\v3_39\src\traditional\proc\p18F8722.asm
              HLVDCONbits   0x000fd2       data     extern C:\MCC18\v3_39\src\traditional\proc\p18F8722.asm
                   LVDCON   0x000fd2       data     extern C:\MCC18\v3_39\src\traditional\proc\p18F8722.asm
               LVDCONbits   0x000fd2       data     extern C:\MCC18\v3_39\src\traditional\proc\p18F8722.asm
                   OSCCON   0x000fd3       data     extern C:\MCC18\v3_39\src\traditional\proc\p18F8722.asm
               OSCCONbits   0x000fd3       data     extern C:\MCC18\v3_39\src\traditional\proc\p18F8722.asm
                    T0CON   0x000fd5       data     extern C:\MCC18\v3_39\src\traditional\proc\p18F8722.asm
                T0CONbits   0x000fd5       data     extern C:\MCC18\v3_39\src\traditional\proc\p18F8722.asm
                    TMR0L   0x000fd6       data     extern C:\MCC18\v3_39\src\traditional\proc\p18F8722.asm
                    TMR0H   0x000fd7       data     extern C:\MCC18\v3_39\src\traditional\proc\p18F8722.asm
                   STATUS   0x000fd8       data     extern C:\MCC18\v3_39\src\traditional\proc\p18F8722.asm
               STATUSbits   0x000fd8       data     extern C:\MCC18\v3_39\src\traditional\proc\p18F8722.asm
                    FSR2L   0x000fd9       data     extern C:\MCC18\v3_39\src\traditional\proc\p18F8722.asm
                     FSR2   0x000fd9       data     extern C:\MCC18\v3_39\src\traditional\proc\p18F8722.asm
                    FSR2H   0x000fda       data     extern C:\MCC18\v3_39\src\traditional\proc\p18F8722.asm
                   PLUSW2   0x000fdb       data     extern C:\MCC18\v3_39\src\traditional\proc\p18F8722.asm
                  PREINC2   0x000fdc       data     extern C:\MCC18\v3_39\src\traditional\proc\p18F8722.asm
                 POSTDEC2   0x000fdd       data     extern C:\MCC18\v3_39\src\traditional\proc\p18F8722.asm
                 POSTINC2   0x000fde       data     extern C:\MCC18\v3_39\src\traditional\proc\p18F8722.asm
                    INDF2   0x000fdf       data     extern C:\MCC18\v3_39\src\traditional\proc\p18F8722.asm
                      BSR   0x000fe0       data     extern C:\MCC18\v3_39\src\traditional\proc\p18F8722.asm
                    FSR1L   0x000fe1       data     extern C:\MCC18\v3_39\src\traditional\proc\p18F8722.asm
                     FSR1   0x000fe1       data     extern C:\MCC18\v3_39\src\traditional\proc\p18F8722.asm
                    FSR1H   0x000fe2       data     extern C:\MCC18\v3_39\src\traditional\proc\p18F8722.asm
                   PLUSW1   0x000fe3       data     extern C:\MCC18\v3_39\src\traditional\proc\p18F8722.asm
                  PREINC1   0x000fe4       data     extern C:\MCC18\v3_39\src\traditional\proc\p18F8722.asm
                 POSTDEC1   0x000fe5       data     extern C:\MCC18\v3_39\src\traditional\proc\p18F8722.asm
                 POSTINC1   0x000fe6       data     extern C:\MCC18\v3_39\src\traditional\proc\p18F8722.asm
                    INDF1   0x000fe7       data     extern C:\MCC18\v3_39\src\traditional\proc\p18F8722.asm
                     WREG   0x000fe8       data     extern C:\MCC18\v3_39\src\traditional\proc\p18F8722.asm
                     FSR0   0x000fe9       data     extern C:\MCC18\v3_39\src\traditional\proc\p18F8722.asm
                    FSR0L   0x000fe9       data     extern C:\MCC18\v3_39\src\traditional\proc\p18F8722.asm
                    FSR0H   0x000fea       data     extern C:\MCC18\v3_39\src\traditional\proc\p18F8722.asm
                   PLUSW0   0x000feb       data     extern C:\MCC18\v3_39\src\traditional\proc\p18F8722.asm
                  PREINC0   0x000fec       data     extern C:\MCC18\v3_39\src\traditional\proc\p18F8722.asm
                 POSTDEC0   0x000fed       data     extern C:\MCC18\v3_39\src\traditional\proc\p18F8722.asm
                 POSTINC0   0x000fee       data     extern C:\MCC18\v3_39\src\traditional\proc\p18F8722.asm
                    INDF0   0x000fef       data     extern C:\MCC18\v3_39\src\traditional\proc\p18F8722.asm
                  INTCON3   0x000ff0       data     extern C:\MCC18\v3_39\src\traditional\proc\p18F8722.asm
              INTCON3bits   0x000ff0       data     extern C:\MCC18\v3_39\src\traditional\proc\p18F8722.asm
              INTCON2bits   0x000ff1       data     extern C:\MCC18\v3_39\src\traditional\proc\p18F8722.asm
                  INTCON2   0x000ff1       data     extern C:\MCC18\v3_39\src\traditional\proc\p18F8722.asm
                   INTCON   0x000ff2       data     extern C:\MCC18\v3_39\src\traditional\proc\p18F8722.asm
               INTCONbits   0x000ff2       data     extern C:\MCC18\v3_39\src\traditional\proc\p18F8722.asm
                     PROD   0x000ff3       data     extern C:\MCC18\v3_39\src\traditional\proc\p18F8722.asm
                    PRODL   0x000ff3       data     extern C:\MCC18\v3_39\src\traditional\proc\p18F8722.asm
                    PRODH   0x000ff4       data     extern C:\MCC18\v3_39\src\traditional\proc\p18F8722.asm
                   TABLAT   0x000ff5       data     extern C:\MCC18\v3_39\src\traditional\proc\p18F8722.asm
                   TBLPTR   0x000ff6       data     extern C:\MCC18\v3_39\src\traditional\proc\p18F8722.asm
                  TBLPTRL   0x000ff6       data     extern C:\MCC18\v3_39\src\traditional\proc\p18F8722.asm
                  TBLPTRH   0x000ff7       data     extern C:\MCC18\v3_39\src\traditional\proc\p18F8722.asm
                  TBLPTRU   0x000ff8       data     extern C:\MCC18\v3_39\src\traditional\proc\p18F8722.asm
                       PC   0x000ff9       data     extern C:\MCC18\v3_39\src\traditional\proc\p18F8722.asm
                      PCL   0x000ff9       data     extern C:\MCC18\v3_39\src\traditional\proc\p18F8722.asm
                   PCLATH   0x000ffa       data     extern C:\MCC18\v3_39\src\traditional\proc\p18F8722.asm
                   PCLATU   0x000ffb       data     extern C:\MCC18\v3_39\src\traditional\proc\p18F8722.asm
                   STKPTR   0x000ffc       data     extern C:\MCC18\v3_39\src\traditional\proc\p18F8722.asm
               STKPTRbits   0x000ffc       data     extern C:\MCC18\v3_39\src\traditional\proc\p18F8722.asm
                      TOS   0x000ffd       data     extern C:\MCC18\v3_39\src\traditional\proc\p18F8722.asm
                     TOSL   0x000ffd       data     extern C:\MCC18\v3_39\src\traditional\proc\p18F8722.asm
                     TOSH   0x000ffe       data     extern C:\MCC18\v3_39\src\traditional\proc\p18F8722.asm
                     TOSU   0x000fff       data     extern C:\MCC18\v3_39\src\traditional\proc\p18F8722.asm


